Archive member included to satisfy reference by file (symbol)

E:/APPLICATION/APPLICATION_SOURCE/STM32CubeIDEsetting/STM32CubeIDE_1.18.0/STM32CubeIDE/plugins/com.st.stm32cube.ide.mcu.externaltools.gnu-tools-for-stm32.13.3.rel1.win32_1.0.0.202411081344/tools/bin/../lib/gcc/arm-none-eabi/13.3.1/../../../../arm-none-eabi/lib/thumb/v7e-m+fp/hard\libc_nano.a(libc_a-exit.o)
                              E:/APPLICATION/APPLICATION_SOURCE/STM32CubeIDEsetting/STM32CubeIDE_1.18.0/STM32CubeIDE/plugins/com.st.stm32cube.ide.mcu.externaltools.gnu-tools-for-stm32.13.3.rel1.win32_1.0.0.202411081344/tools/bin/../lib/gcc/arm-none-eabi/13.3.1/../../../../arm-none-eabi/lib/thumb/v7e-m+fp/hard/crt0.o (exit)
E:/APPLICATION/APPLICATION_SOURCE/STM32CubeIDEsetting/STM32CubeIDE_1.18.0/STM32CubeIDE/plugins/com.st.stm32cube.ide.mcu.externaltools.gnu-tools-for-stm32.13.3.rel1.win32_1.0.0.202411081344/tools/bin/../lib/gcc/arm-none-eabi/13.3.1/../../../../arm-none-eabi/lib/thumb/v7e-m+fp/hard\libc_nano.a(libc_a-findfp.o)
                              E:/APPLICATION/APPLICATION_SOURCE/STM32CubeIDEsetting/STM32CubeIDE_1.18.0/STM32CubeIDE/plugins/com.st.stm32cube.ide.mcu.externaltools.gnu-tools-for-stm32.13.3.rel1.win32_1.0.0.202411081344/tools/bin/../lib/gcc/arm-none-eabi/13.3.1/../../../../arm-none-eabi/lib/thumb/v7e-m+fp/hard\libc_nano.a(libc_a-exit.o) (__stdio_exit_handler)
E:/APPLICATION/APPLICATION_SOURCE/STM32CubeIDEsetting/STM32CubeIDE_1.18.0/STM32CubeIDE/plugins/com.st.stm32cube.ide.mcu.externaltools.gnu-tools-for-stm32.13.3.rel1.win32_1.0.0.202411081344/tools/bin/../lib/gcc/arm-none-eabi/13.3.1/../../../../arm-none-eabi/lib/thumb/v7e-m+fp/hard\libc_nano.a(libc_a-fwalk.o)
                              E:/APPLICATION/APPLICATION_SOURCE/STM32CubeIDEsetting/STM32CubeIDE_1.18.0/STM32CubeIDE/plugins/com.st.stm32cube.ide.mcu.externaltools.gnu-tools-for-stm32.13.3.rel1.win32_1.0.0.202411081344/tools/bin/../lib/gcc/arm-none-eabi/13.3.1/../../../../arm-none-eabi/lib/thumb/v7e-m+fp/hard\libc_nano.a(libc_a-findfp.o) (_fwalk_sglue)
E:/APPLICATION/APPLICATION_SOURCE/STM32CubeIDEsetting/STM32CubeIDE_1.18.0/STM32CubeIDE/plugins/com.st.stm32cube.ide.mcu.externaltools.gnu-tools-for-stm32.13.3.rel1.win32_1.0.0.202411081344/tools/bin/../lib/gcc/arm-none-eabi/13.3.1/../../../../arm-none-eabi/lib/thumb/v7e-m+fp/hard\libc_nano.a(libc_a-sprintf.o)
                              ./Core/Src/main.o (sprintf)
E:/APPLICATION/APPLICATION_SOURCE/STM32CubeIDEsetting/STM32CubeIDE_1.18.0/STM32CubeIDE/plugins/com.st.stm32cube.ide.mcu.externaltools.gnu-tools-for-stm32.13.3.rel1.win32_1.0.0.202411081344/tools/bin/../lib/gcc/arm-none-eabi/13.3.1/../../../../arm-none-eabi/lib/thumb/v7e-m+fp/hard\libc_nano.a(libc_a-stdio.o)
                              E:/APPLICATION/APPLICATION_SOURCE/STM32CubeIDEsetting/STM32CubeIDE_1.18.0/STM32CubeIDE/plugins/com.st.stm32cube.ide.mcu.externaltools.gnu-tools-for-stm32.13.3.rel1.win32_1.0.0.202411081344/tools/bin/../lib/gcc/arm-none-eabi/13.3.1/../../../../arm-none-eabi/lib/thumb/v7e-m+fp/hard\libc_nano.a(libc_a-findfp.o) (__sread)
E:/APPLICATION/APPLICATION_SOURCE/STM32CubeIDEsetting/STM32CubeIDE_1.18.0/STM32CubeIDE/plugins/com.st.stm32cube.ide.mcu.externaltools.gnu-tools-for-stm32.13.3.rel1.win32_1.0.0.202411081344/tools/bin/../lib/gcc/arm-none-eabi/13.3.1/../../../../arm-none-eabi/lib/thumb/v7e-m+fp/hard\libc_nano.a(libc_a-memset.o)
                              E:/APPLICATION/APPLICATION_SOURCE/STM32CubeIDEsetting/STM32CubeIDE_1.18.0/STM32CubeIDE/plugins/com.st.stm32cube.ide.mcu.externaltools.gnu-tools-for-stm32.13.3.rel1.win32_1.0.0.202411081344/tools/bin/../lib/gcc/arm-none-eabi/13.3.1/../../../../arm-none-eabi/lib/thumb/v7e-m+fp/hard/crt0.o (memset)
E:/APPLICATION/APPLICATION_SOURCE/STM32CubeIDEsetting/STM32CubeIDE_1.18.0/STM32CubeIDE/plugins/com.st.stm32cube.ide.mcu.externaltools.gnu-tools-for-stm32.13.3.rel1.win32_1.0.0.202411081344/tools/bin/../lib/gcc/arm-none-eabi/13.3.1/../../../../arm-none-eabi/lib/thumb/v7e-m+fp/hard\libc_nano.a(libc_a-closer.o)
                              E:/APPLICATION/APPLICATION_SOURCE/STM32CubeIDEsetting/STM32CubeIDE_1.18.0/STM32CubeIDE/plugins/com.st.stm32cube.ide.mcu.externaltools.gnu-tools-for-stm32.13.3.rel1.win32_1.0.0.202411081344/tools/bin/../lib/gcc/arm-none-eabi/13.3.1/../../../../arm-none-eabi/lib/thumb/v7e-m+fp/hard\libc_nano.a(libc_a-stdio.o) (_close_r)
E:/APPLICATION/APPLICATION_SOURCE/STM32CubeIDEsetting/STM32CubeIDE_1.18.0/STM32CubeIDE/plugins/com.st.stm32cube.ide.mcu.externaltools.gnu-tools-for-stm32.13.3.rel1.win32_1.0.0.202411081344/tools/bin/../lib/gcc/arm-none-eabi/13.3.1/../../../../arm-none-eabi/lib/thumb/v7e-m+fp/hard\libc_nano.a(libc_a-reent.o)
[...]
Memory Configuration

Name             Origin             Length             Attributes
CCMRAM           0x10000000         0x00010000         xrw
RAM              0x20000000         0x00030000         xrw
FLASH            0x08000000         0x00200000         xr
*default*        0x00000000         0xffffffff

Linker script and memory map

LOAD E:/APPLICATION/APPLICATION_SOURCE/STM32CubeIDEsetting/STM32CubeIDE_1.18.0/STM32CubeIDE/plugins/com.st.stm32cube.ide.mcu.externaltools.gnu-tools-for-stm32.13.3.rel1.win32_1.0.0.202411081344/tools/bin/../lib/gcc/arm-none-eabi/13.3.1/thumb/v7e-m+fp/hard/crti.o
LOAD E:/APPLICATION/APPLICATION_SOURCE/STM32CubeIDEsetting/STM32CubeIDE_1.18.0/STM32CubeIDE/plugins/com.st.stm32cube.ide.mcu.externaltools.gnu-tools-for-stm32.13.3.rel1.win32_1.0.0.202411081344/tools/bin/../lib/gcc/arm-none-eabi/13.3.1/thumb/v7e-m+fp/hard/crtbegin.o
LOAD E:/APPLICATION/APPLICATION_SOURCE/STM32CubeIDEsetting/STM32CubeIDE_1.18.0/STM32CubeIDE/plugins/com.st.stm32cube.ide.mcu.externaltools.gnu-tools-for-stm32.13.3.rel1.win32_1.0.0.202411081344/tools/bin/../lib/gcc/arm-none-eabi/13.3.1/../../../../arm-none-eabi/lib/thumb/v7e-m+fp/hard/crt0.o
LOAD ./Core/Src/7seg.o
LOAD ./Core/Src/HX711.o
LOAD ./Core/Src/main.o
LOAD ./Core/Src/stm32f4xx_hal_msp.o
LOAD ./Core/Src/stm32f4xx_it.o
LOAD ./Core/Src/syscalls.o
LOAD ./Core/Src/sysmem.o
LOAD ./Core/Src/system_stm32f4xx.o
LOAD ./Core/Src/tm_stm32f4_mfrc522.o
LOAD ./Core/Startup/startup_stm32f429zitx.o
LOAD ./Drivers/STM32F4xx_HAL_Driver/Src/stm32f4xx_hal.o
LOAD ./Drivers/STM32F4xx_HAL_Driver/Src/stm32f4xx_hal_cortex.o
LOAD ./Drivers/STM32F4xx_HAL_Driver/Src/stm32f4xx_hal_dma.o
LOAD ./Drivers/STM32F4xx_HAL_Driver/Src/stm32f4xx_hal_dma_ex.o
LOAD ./Drivers/STM32F4xx_HAL_Driver/Src/stm32f4xx_hal_exti.o
LOAD ./Drivers/STM32F4xx_HAL_Driver/Src/stm32f4xx_hal_flash.o
LOAD ./Drivers/STM32F4xx_HAL_Driver/Src/stm32f4xx_hal_flash_ex.o
LOAD ./Drivers/STM32F4xx_HAL_Driver/Src/stm32f4xx_hal_flash_ramfunc.o
LOAD ./Drivers/STM32F4xx_HAL_Driver/Src/stm32f4xx_hal_gpio.o
LOAD ./Drivers/STM32F4xx_HAL_Driver/Src/stm32f4xx_hal_pwr.o
LOAD ./Drivers/STM32F4xx_HAL_Driver/Src/stm32f4xx_hal_pwr_ex.o
LOAD ./Drivers/STM32F4xx_HAL_Driver/Src/stm32f4xx_hal_rcc.o
LOAD ./Drivers/STM32F4xx_HAL_Driver/Src/stm32f4xx_hal_rcc_ex.o
LOAD ./Drivers/STM32F4xx_HAL_Driver/Src/stm32f4xx_hal_spi.o
LOAD ./Drivers/STM32F4xx_HAL_Driver/Src/stm32f4xx_hal_tim.o
LOAD ./Drivers/STM32F4xx_HAL_Driver/Src/stm32f4xx_hal_tim_ex.o
LOAD ./Drivers/STM32F4xx_HAL_Driver/Src/stm32f4xx_hal_uart.o
START GROUP
LOAD E:/APPLICATION/APPLICATION_SOURCE/STM32CubeIDEsetting/STM32CubeIDE_1.18.0/STM32CubeIDE/plugins/com.st.stm32cube.ide.mcu.externaltools.gnu-tools-for-stm32.13.3.rel1.win32_1.0.0.202411081344/tools/bin/../lib/gcc/arm-none-eabi/13.3.1/../../../../arm-none-eabi/lib/thumb/v7e-m+fp/hard\libc_nano.a
LOAD E:/APPLICATION/APPLICATION_SOURCE/STM32CubeIDEsetting/STM32CubeIDE_1.18.0/STM32CubeIDE/plugins/com.st.stm32cube.ide.mcu.externaltools.gnu-tools-for-stm32.13.3.rel1.win32_1.0.0.202411081344/tools/bin/../lib/gcc/arm-none-eabi/13.3.1/../../../../arm-none-eabi/lib/thumb/v7e-m+fp/hard\libm.a
END GROUP
START GROUP
LOAD E:/APPLICATION/APPLICATION_SOURCE/STM32CubeIDEsetting/STM32CubeIDE_1.18.0/STM32CubeIDE/plugins/com.st.stm32cube.ide.mcu.externaltools.gnu-tools-for-stm32.13.3.rel1.win32_1.0.0.202411081344/tools/bin/../lib/gcc/arm-none-eabi/13.3.1/thumb/v7e-m+fp/hard\libgcc.a
LOAD E:/APPLICATION/APPLICATION_SOURCE/STM32CubeIDEsetting/STM32CubeIDE_1.18.0/STM32CubeIDE/plugins/com.st.stm32cube.ide.mcu.externaltools.gnu-tools-for-stm32.13.3.rel1.win32_1.0.0.202411081344/tools/bin/../lib/gcc/arm-none-eabi/13.3.1/../../../../arm-none-eabi/lib/thumb/v7e-m+fp/hard\libc_nano.a
END GROUP
START GROUP
LOAD E:/APPLICATION/APPLICATION_SOURCE/STM32CubeIDEsetting/STM32CubeIDE_1.18.0/STM32CubeIDE/plugins/com.st.stm32cube.ide.mcu.externaltools.gnu-tools-for-stm32.13.3.rel1.win32_1.0.0.202411081344/tools/bin/../lib/gcc/arm-none-eabi/13.3.1/thumb/v7e-m+fp/hard\libgcc.a
LOAD E:/APPLICATION/APPLICATION_SOURCE/STM32CubeIDEsetting/STM32CubeIDE_1.18.0/STM32CubeIDE/plugins/com.st.stm32cube.ide.mcu.externaltools.gnu-tools-for-stm32.13.3.rel1.win32_1.0.0.202411081344/tools/bin/../lib/gcc/arm-none-eabi/13.3.1/../../../../arm-none-eabi/lib/thumb/v7e-m+fp/hard\libc_nano.a
LOAD E:/APPLICATION/APPLICATION_SOURCE/STM32CubeIDEsetting/STM32CubeIDE_1.18.0/STM32CubeIDE/plugins/com.st.stm32cube.ide.mcu.externaltools.gnu-tools-for-stm32.13.3.rel1.win32_1.0.0.202411081344/tools/bin/../lib/gcc/arm-none-eabi/13.3.1/../../../../arm-none-eabi/lib/thumb/v7e-m+fp/hard\libnosys.a
END GROUP
START GROUP
LOAD E:/APPLICATION/APPLICATION_SOURCE/STM32CubeIDEsetting/STM32CubeIDE_1.18.0/STM32CubeIDE/plugins/com.st.stm32cube.ide.mcu.externaltools.gnu-tools-for-stm32.13.3.rel1.win32_1.0.0.202411081344/tools/bin/../lib/gcc/arm-none-eabi/13.3.1/thumb/v7e-m+fp/hard\libgcc.a
LOAD E:/APPLICATION/APPLICATION_SOURCE/STM32CubeIDEsetting/STM32CubeIDE_1.18.0/STM32CubeIDE/plugins/com.st.stm32cube.ide.mcu.externaltools.gnu-tools-for-stm32.13.3.rel1.win32_1.0.0.202411081344/tools/bin/../lib/gcc/arm-none-eabi/13.3.1/../../../../arm-none-eabi/lib/thumb/v7e-m+fp/hard\libc_nano.a
LOAD E:/APPLICATION/APPLICATION_SOURCE/STM32CubeIDEsetting/STM32CubeIDE_1.18.0/STM32CubeIDE/plugins/com.st.stm32cube.ide.mcu.externaltools.gnu-tools-for-stm32.13.3.rel1.win32_1.0.0.202411081344/tools/bin/../lib/gcc/arm-none-eabi/13.3.1/../../../../arm-none-eabi/lib/thumb/v7e-m+fp/hard\libnosys.a
END GROUP
LOAD E:/APPLICATION/APPLICATION_SOURCE/STM32CubeIDEsetting/STM32CubeIDE_1.18.0/STM32CubeIDE/plugins/com.st.stm32cube.ide.mcu.externaltools.gnu-tools-for-stm32.13.3.rel1.win32_1.0.0.202411081344/tools/bin/../lib/gcc/arm-none-eabi/13.3.1/thumb/v7e-m+fp/hard/crtend.o
LOAD E:/APPLICATION/APPLICATION_SOURCE/STM32CubeIDEsetting/STM32CubeIDE_1.18.0/STM32CubeIDE/plugins/com.st.stm32cube.ide.mcu.externaltools.gnu-tools-for-stm32.13.3.rel1.win32_1.0.0.202411081344/tools/bin/../lib/gcc/arm-none-eabi/13.3.1/thumb/v7e-m+fp/hard/crtn.o
                0x20030000                        _estack = (ORIGIN (RAM) + LENGTH (RAM))
                0x00000200                        _Min_Heap_Size = 0x200
                0x00000400                        _Min_Stack_Size = 0x400

.isr_vector     0x08000000      0x1ac
                0x08000000                        . = ALIGN (0x4)
 *(.isr_vector)
 .isr_vector    0x08000000      0x1ac ./Core/Startup/startup_stm32f429zitx.o
                0x08000000                g_pfnVectors
                0x080001ac                        . = ALIGN (0x4)

.text           0x080001b0     0x4f5c
                0x080001b0                        . = ALIGN (0x4)
 *(.text)
 .text          0x080001b0       0x40 E:/APPLICATION/APPLICATION_SOURCE/STM32CubeIDEsetting/STM32CubeIDE_1.18.0/STM32CubeIDE/plugins/com.st.stm32cube.ide.mcu.externaltools.gnu-tools-for-stm32.13.3.rel1.win32_1.0.0.202411081344/tools/bin/../lib/gcc/arm-none-eabi/13.3.1/thumb/v7e-m+fp/hard/crtbegin.o
 .text          0x080001f0       0x10 E:/APPLICATION/APPLICATION_SOURCE/STM32CubeIDEsetting/STM32CubeIDE_1.18.0/STM32CubeIDE/plugins/com.st.stm32cube.ide.mcu.externaltools.gnu-tools-for-stm32.13.3.rel1.win32_1.0.0.202411081344/tools/bin/../lib/gcc/arm-none-eabi/13.3.1/../../../../arm-none-eabi/lib/thumb/v7e-m+fp/hard\libc_nano.a(libc_a-strlen.o)
                0x080001f0                strlen
 .text          0x08000200       0xa0 E:/APPLICATION/APPLICATION_SOURCE/STM32CubeIDEsetting/STM32CubeIDE_1.18.0/STM32CubeIDE/plugins/com.st.stm32cube.ide.mcu.externaltools.gnu-tools-for-stm32.13.3.rel1.win32_1.0.0.202411081344/tools/bin/../lib/gcc/arm-none-eabi/13.3.1/../../../../arm-none-eabi/lib/thumb/v7e-m+fp/hard\libc_nano.a(libc_a-memchr.o)
                0x08000200                memchr
 .text          0x080002a0      0x378 E:/APPLICATION/APPLICATION_SOURCE/STM32CubeIDEsetting/STM32CubeIDE_1.18.0/STM32CubeIDE/plugins/com.st.stm32cube.ide.mcu.externaltools.gnu-tools-for-stm32.13.3.rel1.win32_1.0.0.202411081344/tools/bin/../lib/gcc/arm-none-eabi/13.3.1/thumb/v7e-m+fp/hard\libgcc.a(_arm_addsubdf3.o)
                0x080002a0                __aeabi_drsub
                0x080002a8                __aeabi_dsub
                0x080002a8                __subdf3
                0x080002ac                __aeabi_dadd
                0x080002ac                __adddf3
                0x08000524                __floatunsidf
                0x08000524                __aeabi_ui2d
                0x08000544                __floatsidf
                0x08000544                __aeabi_i2d
                0x08000568                __aeabi_f2d
                0x08000568                __extendsfdf2
                0x080005ac                __floatundidf
                0x080005ac                __aeabi_ul2d
                0x080005bc                __floatdidf
                0x080005bc                __aeabi_l2d
 .text          0x08000618       0x50 E:/APPLICATION/APPLICATION_SOURCE/STM32CubeIDEsetting/STM32CubeIDE_1.18.0/STM32CubeIDE/plugins/com.st.stm32cube.ide.mcu.externaltools.gnu-tools-for-stm32.13.3.rel1.win32_1.0.0.202411081344/tools/bin/../lib/gcc/arm-none-eabi/13.3.1/thumb/v7e-m+fp/hard\libgcc.a(_arm_fixdfsi.o)
                0x08000618                __aeabi_d2iz
                0x08000618                __fixdfsi
 .text          0x08000668       0x30 E:/APPLICATION/APPLICATION_SOURCE/STM32CubeIDEsetting/STM32CubeIDE_1.18.0/STM32CubeIDE/plugins/com.st.stm32cube.ide.mcu.externaltools.gnu-tools-for-stm32.13.3.rel1.win32_1.0.0.202411081344/tools/bin/../lib/gcc/arm-none-eabi/13.3.1/thumb/v7e-m+fp/hard\libgcc.a(_aeabi_uldivmod.o)
                0x08000668                __aeabi_uldivmod
 .text          0x08000698      0x2f8 E:/APPLICATION/APPLICATION_SOURCE/STM32CubeIDEsetting/STM32CubeIDE_1.18.0/STM32CubeIDE/plugins/com.st.stm32cube.ide.mcu.externaltools.gnu-tools-for-stm32.13.3.rel1.win32_1.0.0.202411081344/tools/bin/../lib/gcc/arm-none-eabi/13.3.1/thumb/v7e-m+fp/hard\libgcc.a(_udivmoddi4.o)
                0x08000698                __udivmoddi4
 .text          0x08000990        0x4 E:/APPLICATION/APPLICATION_SOURCE/STM32CubeIDEsetting/STM32CubeIDE_1.18.0/STM32CubeIDE/plugins/com.st.stm32cube.ide.mcu.externaltools.gnu-tools-for-stm32.13.3.rel1.win32_1.0.0.202411081344/tools/bin/../lib/gcc/arm-none-eabi/13.3.1/thumb/v7e-m+fp/hard\libgcc.a(_dvmd_tls.o)
                0x08000990                __aeabi_idiv0
                0x08000990                __aeabi_ldiv0
 *(.text*)
 .text.Set7SegDisplayValue
                0x08000994       0x28 ./Core/Src/7seg.o
                0x08000994                Set7SegDisplayValue
 .text.Run7SegDisplay
                0x080009bc      0x1e0 ./Core/Src/7seg.o
                0x080009bc                Run7SegDisplay
 .text.hx711_init
                0x08000b9c       0x78 ./Core/Src/HX711.o
                0x08000b9c                hx711_init
 .text.set_gain
                0x08000c14       0x3e ./Core/Src/HX711.o
                0x08000c14                set_gain
 .text.set_offset
                0x08000c52       0x2e ./Core/Src/HX711.o
                0x08000c52                set_offset
 .text.shiftIn  0x08000c80       0xa4 ./Core/Src/HX711.o
                0x08000c80                shiftIn
 .text.is_ready
                0x08000d24       0x2c ./Core/Src/HX711.o
                0x08000d24                is_ready
 .text.wait_ready
                0x08000d50       0x2c ./Core/Src/HX711.o
                0x08000d50                wait_ready
 .text.read     0x08000d7c       0xd4 ./Core/Src/HX711.o
                0x08000d7c                read
 .text.read_average
                0x08000e50       0x5c ./Core/Src/HX711.o
                0x08000e50                read_average
 .text.tare     0x08000eac       0x54 ./Core/Src/HX711.o
                0x08000eac                tare
 .text.tare_all
                0x08000f00       0x2c ./Core/Src/HX711.o
                0x08000f00                tare_all
 .text.main     0x08000f2c      0x1a4 ./Core/Src/main.o
                0x08000f2c                main
 .text.SystemClock_Config
                0x080010d0       0xe0 ./Core/Src/main.o
                0x080010d0                SystemClock_Config
 .text.MX_SPI4_Init
                0x080011b0       0x6c ./Core/Src/main.o
 .text.MX_TIM6_Init
                0x0800121c       0x6c ./Core/Src/main.o
 .text.MX_USART1_UART_Init
                0x08001288       0x54 ./Core/Src/main.o
 .text.MX_GPIO_Init
                0x080012dc      0x138 ./Core/Src/main.o
 .text.Error_Handler
                0x08001414        0xc ./Core/Src/main.o
                0x08001414                Error_Handler
 .text.HAL_MspInit
                0x08001420       0x50 ./Core/Src/stm32f4xx_hal_msp.o
                0x08001420                HAL_MspInit
 .text.HAL_SPI_MspInit
                0x08001470       0x90 ./Core/Src/stm32f4xx_hal_msp.o
                0x08001470                HAL_SPI_MspInit
 .text.HAL_TIM_Base_MspInit
                0x08001500       0x50 ./Core/Src/stm32f4xx_hal_msp.o
                0x08001500                HAL_TIM_Base_MspInit
 .text.HAL_UART_MspInit
                0x08001550       0x90 ./Core/Src/stm32f4xx_hal_msp.o
                0x08001550                HAL_UART_MspInit
 .text.NMI_Handler
                0x080015e0        0x8 ./Core/Src/stm32f4xx_it.o
                0x080015e0                NMI_Handler
 .text.HardFault_Handler
                0x080015e8        0x8 ./Core/Src/stm32f4xx_it.o
                0x080015e8                HardFault_Handler
 .text.MemManage_Handler
                0x080015f0        0x8 ./Core/Src/stm32f4xx_it.o
                0x080015f0                MemManage_Handler
 .text.BusFault_Handler
                0x080015f8        0x8 ./Core/Src/stm32f4xx_it.o
                0x080015f8                BusFault_Handler
 .text.UsageFault_Handler
                0x08001600        0x8 ./Core/Src/stm32f4xx_it.o
                0x08001600                UsageFault_Handler
 .text.SVC_Handler
                0x08001608        0xe ./Core/Src/stm32f4xx_it.o
                0x08001608                SVC_Handler
 .text.DebugMon_Handler
                0x08001616        0xe ./Core/Src/stm32f4xx_it.o
                0x08001616                DebugMon_Handler
 .text.PendSV_Handler
                0x08001624        0xe ./Core/Src/stm32f4xx_it.o
                0x08001624                PendSV_Handler
 .text.SysTick_Handler
                0x08001632        0xc ./Core/Src/stm32f4xx_it.o
                0x08001632                SysTick_Handler
 *fill*         0x0800163e        0x2 
 .text.TIM6_DAC_IRQHandler
                0x08001640       0x14 ./Core/Src/stm32f4xx_it.o
                0x08001640                TIM6_DAC_IRQHandler
 .text.HAL_TIM_PeriodElapsedCallback
                0x08001654       0x24 ./Core/Src/stm32f4xx_it.o
                0x08001654                HAL_TIM_PeriodElapsedCallback
 .text._sbrk    0x08001678       0x6c ./Core/Src/sysmem.o
                0x08001678                _sbrk
 .text.SystemInit
                0x080016e4       0x24 ./Core/Src/system_stm32f4xx.o
                0x080016e4                SystemInit
 .text.TM_MFRC522_Init
                0x08001708       0x4c ./Core/Src/tm_stm32f4_mfrc522.o
                0x08001708                TM_MFRC522_Init
 .text.TM_MFRC522_Check
                0x08001754       0x32 ./Core/Src/tm_stm32f4_mfrc522.o
                0x08001754                TM_MFRC522_Check
 *fill*         0x08001786        0x2 
 .text.TM_MFRC522_InitPins
                0x08001788       0x18 ./Core/Src/tm_stm32f4_mfrc522.o
                0x08001788                TM_MFRC522_InitPins
 .text.TM_MFRC522_WriteRegister
                0x080017a0       0x88 ./Core/Src/tm_stm32f4_mfrc522.o
                0x080017a0                TM_MFRC522_WriteRegister
 .text.TM_MFRC522_ReadRegister
                0x08001828       0x94 ./Core/Src/tm_stm32f4_mfrc522.o
                0x08001828                TM_MFRC522_ReadRegister
 .text.TM_MFRC522_SetBitMask
                0x080018bc       0x34 ./Core/Src/tm_stm32f4_mfrc522.o
                0x080018bc                TM_MFRC522_SetBitMask
 .text.TM_MFRC522_ClearBitMask
                0x080018f0       0x3c ./Core/Src/tm_stm32f4_mfrc522.o
                0x080018f0                TM_MFRC522_ClearBitMask
 .text.TM_MFRC522_AntennaOn
                0x0800192c       0x2a ./Core/Src/tm_stm32f4_mfrc522.o
                0x0800192c                TM_MFRC522_AntennaOn
 .text.TM_MFRC522_Reset
                0x08001956       0x10 ./Core/Src/tm_stm32f4_mfrc522.o
                0x08001956                TM_MFRC522_Reset
 .text.TM_MFRC522_Request
                0x08001966       0x4a ./Core/Src/tm_stm32f4_mfrc522.o
                0x08001966                TM_MFRC522_Request
 .text.TM_MFRC522_ToCard
                0x080019b0      0x19e ./Core/Src/tm_stm32f4_mfrc522.o
                0x080019b0                TM_MFRC522_ToCard
 .text.TM_MFRC522_Anticoll
                0x08001b4e       0x7a ./Core/Src/tm_stm32f4_mfrc522.o
                0x08001b4e                TM_MFRC522_Anticoll
 .text.TM_MFRC522_CalculateCRC
                0x08001bc8       0x92 ./Core/Src/tm_stm32f4_mfrc522.o
                0x08001bc8                TM_MFRC522_CalculateCRC
 .text.TM_MFRC522_Halt
                0x08001c5a       0x36 ./Core/Src/tm_stm32f4_mfrc522.o
                0x08001c5a                TM_MFRC522_Halt
 .text.Reset_Handler
                0x08001c90       0x50 ./Core/Startup/startup_stm32f429zitx.o
                0x08001c90                Reset_Handler
 .text.Default_Handler
                0x08001ce0        0x2 ./Core/Startup/startup_stm32f429zitx.o
                0x08001ce0                RTC_Alarm_IRQHandler
                0x08001ce0                HASH_RNG_IRQHandler
                0x08001ce0                EXTI2_IRQHandler
                0x08001ce0                TIM8_CC_IRQHandler
                0x08001ce0                UART8_IRQHandler
                0x08001ce0                SPI4_IRQHandler
                0x08001ce0                TIM1_CC_IRQHandler
                0x08001ce0                DMA2_Stream5_IRQHandler
                0x08001ce0                DMA1_Stream5_IRQHandler
                0x08001ce0                PVD_IRQHandler
                0x08001ce0                SDIO_IRQHandler
                0x08001ce0                TAMP_STAMP_IRQHandler
                0x08001ce0                CAN2_RX1_IRQHandler
                0x08001ce0                EXTI3_IRQHandler
                0x08001ce0                TIM8_TRG_COM_TIM14_IRQHandler
                0x08001ce0                TIM1_UP_TIM10_IRQHandler
                0x08001ce0                TIM8_UP_TIM13_IRQHandler
                0x08001ce0                I2C3_ER_IRQHandler
                0x08001ce0                EXTI0_IRQHandler
                0x08001ce0                I2C2_EV_IRQHandler
                0x08001ce0                DMA1_Stream2_IRQHandler
                0x08001ce0                CAN1_RX0_IRQHandler
                0x08001ce0                FPU_IRQHandler
                0x08001ce0                OTG_HS_WKUP_IRQHandler
                0x08001ce0                LTDC_ER_IRQHandler
                0x08001ce0                CAN2_SCE_IRQHandler
                0x08001ce0                DMA2_Stream2_IRQHandler
                0x08001ce0                SPI1_IRQHandler
                0x08001ce0                TIM1_BRK_TIM9_IRQHandler
                0x08001ce0                DCMI_IRQHandler
                0x08001ce0                CAN2_RX0_IRQHandler
                0x08001ce0                DMA2_Stream3_IRQHandler
                0x08001ce0                USART6_IRQHandler
                0x08001ce0                USART3_IRQHandler
                0x08001ce0                CAN1_RX1_IRQHandler
                0x08001ce0                UART5_IRQHandler
                0x08001ce0                DMA2_Stream0_IRQHandler
                0x08001ce0                TIM4_IRQHandler
                0x08001ce0                I2C1_EV_IRQHandler
                0x08001ce0                DMA1_Stream6_IRQHandler
                0x08001ce0                DMA1_Stream1_IRQHandler
                0x08001ce0                UART4_IRQHandler
                0x08001ce0                TIM3_IRQHandler
                0x08001ce0                RCC_IRQHandler
                0x08001ce0                TIM8_BRK_TIM12_IRQHandler
                0x08001ce0                Default_Handler
                0x08001ce0                EXTI15_10_IRQHandler
                0x08001ce0                ADC_IRQHandler
                0x08001ce0                DMA1_Stream7_IRQHandler
                0x08001ce0                SPI5_IRQHandler
                0x08001ce0                TIM7_IRQHandler
                0x08001ce0                CAN2_TX_IRQHandler
                0x08001ce0                TIM5_IRQHandler
                0x08001ce0                DMA2_Stream7_IRQHandler
                0x08001ce0                I2C3_EV_IRQHandler
                0x08001ce0                EXTI9_5_IRQHandler
                0x08001ce0                RTC_WKUP_IRQHandler
                0x08001ce0                LTDC_IRQHandler
                0x08001ce0                ETH_WKUP_IRQHandler
                0x08001ce0                SPI2_IRQHandler
                0x08001ce0                OTG_HS_EP1_IN_IRQHandler
                0x08001ce0                DMA1_Stream0_IRQHandler
                0x08001ce0                CAN1_TX_IRQHandler
                0x08001ce0                EXTI4_IRQHandler
                0x08001ce0                ETH_IRQHandler
                0x08001ce0                OTG_HS_EP1_OUT_IRQHandler
                0x08001ce0                WWDG_IRQHandler
                0x08001ce0                SPI6_IRQHandler
                0x08001ce0                TIM2_IRQHandler
                0x08001ce0                OTG_FS_WKUP_IRQHandler
                0x08001ce0                TIM1_TRG_COM_TIM11_IRQHandler
                0x08001ce0                OTG_HS_IRQHandler
                0x08001ce0                DMA2D_IRQHandler
                0x08001ce0                EXTI1_IRQHandler
                0x08001ce0                UART7_IRQHandler
                0x08001ce0                USART2_IRQHandler
                0x08001ce0                I2C2_ER_IRQHandler
                0x08001ce0                DMA2_Stream1_IRQHandler
                0x08001ce0                CAN1_SCE_IRQHandler
                0x08001ce0                FLASH_IRQHandler
                0x08001ce0                DMA2_Stream4_IRQHandler
                0x08001ce0                USART1_IRQHandler
                0x08001ce0                OTG_FS_IRQHandler
                0x08001ce0                SPI3_IRQHandler
                0x08001ce0                DMA1_Stream4_IRQHandler
                0x08001ce0                I2C1_ER_IRQHandler
                0x08001ce0                FMC_IRQHandler
                0x08001ce0                DMA2_Stream6_IRQHandler
                0x08001ce0                SAI1_IRQHandler
                0x08001ce0                DMA1_Stream3_IRQHandler
 *fill*         0x08001ce2        0x2 
 .text.HAL_Init
                0x08001ce4       0x44 ./Drivers/STM32F4xx_HAL_Driver/Src/stm32f4xx_hal.o
                0x08001ce4                HAL_Init
 .text.HAL_InitTick
                0x08001d28       0x60 ./Drivers/STM32F4xx_HAL_Driver/Src/stm32f4xx_hal.o
                0x08001d28                HAL_InitTick
 .text.HAL_IncTick
                0x08001d88       0x28 ./Drivers/STM32F4xx_HAL_Driver/Src/stm32f4xx_hal.o
                0x08001d88                HAL_IncTick
 .text.HAL_GetTick
                0x08001db0       0x18 ./Drivers/STM32F4xx_HAL_Driver/Src/stm32f4xx_hal.o
                0x08001db0                HAL_GetTick
 .text.HAL_Delay
                0x08001dc8       0x48 ./Drivers/STM32F4xx_HAL_Driver/Src/stm32f4xx_hal.o
                0x08001dc8                HAL_Delay
 .text.__NVIC_SetPriorityGrouping
                0x08001e10       0x48 ./Drivers/STM32F4xx_HAL_Driver/Src/stm32f4xx_hal_cortex.o
 .text.__NVIC_GetPriorityGrouping
                0x08001e58       0x1c ./Drivers/STM32F4xx_HAL_Driver/Src/stm32f4xx_hal_cortex.o
 .text.__NVIC_EnableIRQ
                0x08001e74       0x3c ./Drivers/STM32F4xx_HAL_Driver/Src/stm32f4xx_hal_cortex.o
 .text.__NVIC_SetPriority
                0x08001eb0       0x54 ./Drivers/STM32F4xx_HAL_Driver/Src/stm32f4xx_hal_cortex.o
 .text.NVIC_EncodePriority
                0x08001f04       0x66 ./Drivers/STM32F4xx_HAL_Driver/Src/stm32f4xx_hal_cortex.o
 *fill*         0x08001f6a        0x2 
 .text.SysTick_Config
                0x08001f6c       0x44 ./Drivers/STM32F4xx_HAL_Driver/Src/stm32f4xx_hal_cortex.o
 .text.HAL_NVIC_SetPriorityGrouping
                0x08001fb0       0x16 ./Drivers/STM32F4xx_HAL_Driver/Src/stm32f4xx_hal_cortex.o
                0x08001fb0                HAL_NVIC_SetPriorityGrouping
 .text.HAL_NVIC_SetPriority
                0x08001fc6       0x38 ./Drivers/STM32F4xx_HAL_Driver/Src/stm32f4xx_hal_cortex.o
                0x08001fc6                HAL_NVIC_SetPriority
 .text.HAL_NVIC_EnableIRQ
                0x08001ffe       0x1c ./Drivers/STM32F4xx_HAL_Driver/Src/stm32f4xx_hal_cortex.o
                0x08001ffe                HAL_NVIC_EnableIRQ
 .text.HAL_SYSTICK_Config
                0x0800201a       0x18 ./Drivers/STM32F4xx_HAL_Driver/Src/stm32f4xx_hal_cortex.o
                0x0800201a                HAL_SYSTICK_Config
 *fill*         0x08002032        0x2 
 .text.HAL_GPIO_Init
                0x08002034      0x358 ./Drivers/STM32F4xx_HAL_Driver/Src/stm32f4xx_hal_gpio.o
                0x08002034                HAL_GPIO_Init
 .text.HAL_GPIO_ReadPin
                0x0800238c       0x30 ./Drivers/STM32F4xx_HAL_Driver/Src/stm32f4xx_hal_gpio.o
                0x0800238c                HAL_GPIO_ReadPin
 .text.HAL_GPIO_WritePin
                0x080023bc       0x32 ./Drivers/STM32F4xx_HAL_Driver/Src/stm32f4xx_hal_gpio.o
                0x080023bc                HAL_GPIO_WritePin
 *fill*         0x080023ee        0x2 
 .text.HAL_PWREx_EnableOverDrive
                0x080023f0       0xa0 ./Drivers/STM32F4xx_HAL_Driver/Src/stm32f4xx_hal_pwr_ex.o
                0x080023f0                HAL_PWREx_EnableOverDrive
 .text.HAL_RCC_OscConfig
                0x08002490      0x4f0 ./Drivers/STM32F4xx_HAL_Driver/Src/stm32f4xx_hal_rcc.o
                0x08002490                HAL_RCC_OscConfig
 .text.HAL_RCC_ClockConfig
                0x08002980      0x1cc ./Drivers/STM32F4xx_HAL_Driver/Src/stm32f4xx_hal_rcc.o
                0x08002980                HAL_RCC_ClockConfig
 .text.HAL_RCC_GetSysClockFreq
                0x08002b4c      0x20c ./Drivers/STM32F4xx_HAL_Driver/Src/stm32f4xx_hal_rcc.o
                0x08002b4c                HAL_RCC_GetSysClockFreq
 .text.HAL_RCC_GetHCLKFreq
                0x08002d58       0x18 ./Drivers/STM32F4xx_HAL_Driver/Src/stm32f4xx_hal_rcc.o
                0x08002d58                HAL_RCC_GetHCLKFreq
 .text.HAL_RCC_GetPCLK1Freq
                0x08002d70       0x28 ./Drivers/STM32F4xx_HAL_Driver/Src/stm32f4xx_hal_rcc.o
                0x08002d70                HAL_RCC_GetPCLK1Freq
 .text.HAL_RCC_GetPCLK2Freq
                0x08002d98       0x28 ./Drivers/STM32F4xx_HAL_Driver/Src/stm32f4xx_hal_rcc.o
                0x08002d98                HAL_RCC_GetPCLK2Freq
 .text.HAL_SPI_Init
                0x08002dc0      0x112 ./Drivers/STM32F4xx_HAL_Driver/Src/stm32f4xx_hal_spi.o
                0x08002dc0                HAL_SPI_Init
 .text.HAL_SPI_Transmit
                0x08002ed2      0x288 ./Drivers/STM32F4xx_HAL_Driver/Src/stm32f4xx_hal_spi.o
                0x08002ed2                HAL_SPI_Transmit
 .text.HAL_SPI_Receive
                0x0800315a      0x232 ./Drivers/STM32F4xx_HAL_Driver/Src/stm32f4xx_hal_spi.o
                0x0800315a                HAL_SPI_Receive
 .text.HAL_SPI_TransmitReceive
                0x0800338c      0x352 ./Drivers/STM32F4xx_HAL_Driver/Src/stm32f4xx_hal_spi.o
                0x0800338c                HAL_SPI_TransmitReceive
 .text.HAL_SPI_GetState
                0x080036de       0x1c ./Drivers/STM32F4xx_HAL_Driver/Src/stm32f4xx_hal_spi.o
                0x080036de                HAL_SPI_GetState
 *fill*         0x080036fa        0x2 
 .text.SPI_WaitFlagStateUntilTimeout
                0x080036fc      0x110 ./Drivers/STM32F4xx_HAL_Driver/Src/stm32f4xx_hal_spi.o
 .text.SPI_EndRxTransaction
                0x0800380c       0xca ./Drivers/STM32F4xx_HAL_Driver/Src/stm32f4xx_hal_spi.o
 *fill*         0x080038d6        0x2 
 .text.SPI_EndRxTxTransaction
                0x080038d8       0xa8 ./Drivers/STM32F4xx_HAL_Driver/Src/stm32f4xx_hal_spi.o
 .text.HAL_TIM_Base_Init
                0x08003980       0x9e ./Drivers/STM32F4xx_HAL_Driver/Src/stm32f4xx_hal_tim.o
                0x08003980                HAL_TIM_Base_Init
 *fill*         0x08003a1e        0x2 
 .text.HAL_TIM_Base_Start_IT
                0x08003a20       0xe0 ./Drivers/STM32F4xx_HAL_Driver/Src/stm32f4xx_hal_tim.o
                0x08003a20                HAL_TIM_Base_Start_IT
 .text.HAL_TIM_IRQHandler
                0x08003b00      0x1e0 ./Drivers/STM32F4xx_HAL_Driver/Src/stm32f4xx_hal_tim.o
                0x08003b00                HAL_TIM_IRQHandler
 .text.HAL_TIM_OC_DelayElapsedCallback
                0x08003ce0       0x14 ./Drivers/STM32F4xx_HAL_Driver/Src/stm32f4xx_hal_tim.o
                0x08003ce0                HAL_TIM_OC_DelayElapsedCallback
 .text.HAL_TIM_IC_CaptureCallback
                0x08003cf4       0x14 ./Drivers/STM32F4xx_HAL_Driver/Src/stm32f4xx_hal_tim.o
                0x08003cf4                HAL_TIM_IC_CaptureCallback
 .text.HAL_TIM_PWM_PulseFinishedCallback
                0x08003d08       0x14 ./Drivers/STM32F4xx_HAL_Driver/Src/stm32f4xx_hal_tim.o
                0x08003d08                HAL_TIM_PWM_PulseFinishedCallback
 .text.HAL_TIM_TriggerCallback
                0x08003d1c       0x14 ./Drivers/STM32F4xx_HAL_Driver/Src/stm32f4xx_hal_tim.o
                0x08003d1c                HAL_TIM_TriggerCallback
 .text.TIM_Base_SetConfig
                0x08003d30      0x14c ./Drivers/STM32F4xx_HAL_Driver/Src/stm32f4xx_hal_tim.o
                0x08003d30                TIM_Base_SetConfig
 .text.HAL_TIMEx_MasterConfigSynchronization
                0x08003e7c       0xf8 ./Drivers/STM32F4xx_HAL_Driver/Src/stm32f4xx_hal_tim_ex.o
                0x08003e7c                HAL_TIMEx_MasterConfigSynchronization
 .text.HAL_TIMEx_CommutCallback
                0x08003f74       0x14 ./Drivers/STM32F4xx_HAL_Driver/Src/stm32f4xx_hal_tim_ex.o
                0x08003f74                HAL_TIMEx_CommutCallback
 .text.HAL_TIMEx_BreakCallback
                0x08003f88       0x14 ./Drivers/STM32F4xx_HAL_Driver/Src/stm32f4xx_hal_tim_ex.o
                0x08003f88                HAL_TIMEx_BreakCallback
 .text.HAL_UART_Init
                0x08003f9c       0xa0 ./Drivers/STM32F4xx_HAL_Driver/Src/stm32f4xx_hal_uart.o
                0x08003f9c                HAL_UART_Init
 .text.HAL_UART_Transmit
                0x0800403c      0x116 ./Drivers/STM32F4xx_HAL_Driver/Src/stm32f4xx_hal_uart.o
                0x0800403c                HAL_UART_Transmit
 .text.UART_WaitOnFlagUntilTimeout
                0x08004152       0xb2 ./Drivers/STM32F4xx_HAL_Driver/Src/stm32f4xx_hal_uart.o
 .text.UART_EndRxTransfer
                0x08004204       0xc6 ./Drivers/STM32F4xx_HAL_Driver/Src/stm32f4xx_hal_uart.o
 *fill*         0x080042ca        0x2 
 .text.UART_SetConfig
                0x080042cc      0x4e8 ./Drivers/STM32F4xx_HAL_Driver/Src/stm32f4xx_hal_uart.o
 .text.sprintf  0x080047b4       0x44 E:/APPLICATION/APPLICATION_SOURCE/STM32CubeIDEsetting/STM32CubeIDE_1.18.0/STM32CubeIDE/plugins/com.st.stm32cube.ide.mcu.externaltools.gnu-tools-for-stm32.13.3.rel1.win32_1.0.0.202411081344/tools/bin/../lib/gcc/arm-none-eabi/13.3.1/../../../../arm-none-eabi/lib/thumb/v7e-m+fp/hard\libc_nano.a(libc_a-sprintf.o)
                0x080047b4                siprintf
                0x080047b4                sprintf
 .text.memset   0x080047f8       0x10 E:/APPLICATION/APPLICATION_SOURCE/STM32CubeIDEsetting/STM32CubeIDE_1.18.0/STM32CubeIDE/plugins/com.st.stm32cube.ide.mcu.externaltools.gnu-tools-for-stm32.13.3.rel1.win32_1.0.0.202411081344/tools/bin/../lib/gcc/arm-none-eabi/13.3.1/../../../../arm-none-eabi/lib/thumb/v7e-m+fp/hard\libc_nano.a(libc_a-memset.o)
                0x080047f8                memset
 .text.__errno  0x08004808        0xc E:/APPLICATION/APPLICATION_SOURCE/STM32CubeIDEsetting/STM32CubeIDE_1.18.0/STM32CubeIDE/plugins/com.st.stm32cube.ide.mcu.externaltools.gnu-tools-for-stm32.13.3.rel1.win32_1.0.0.202411081344/tools/bin/../lib/gcc/arm-none-eabi/13.3.1/../../../../arm-none-eabi/lib/thumb/v7e-m+fp/hard\libc_nano.a(libc_a-errno.o)
                0x08004808                __errno
 .text.__libc_init_array
                0x08004814       0x48 E:/APPLICATION/APPLICATION_SOURCE/STM32CubeIDEsetting/STM32CubeIDE_1.18.0/STM32CubeIDE/plugins/com.st.stm32cube.ide.mcu.externaltools.gnu-tools-for-stm32.13.3.rel1.win32_1.0.0.202411081344/tools/bin/../lib/gcc/arm-none-eabi/13.3.1/../../../../arm-none-eabi/lib/thumb/v7e-m+fp/hard\libc_nano.a(libc_a-init.o)
                0x08004814                __libc_init_array
 .text.__retarget_lock_acquire_recursive
                0x0800485c        0x2 E:/APPLICATION/APPLICATION_SOURCE/STM32CubeIDEsetting/STM32CubeIDE_1.18.0/STM32CubeIDE/plugins/com.st.stm32cube.ide.mcu.externaltools.gnu-tools-for-stm32.13.3.rel1.win32_1.0.0.202411081344/tools/bin/../lib/gcc/arm-none-eabi/13.3.1/../../../../arm-none-eabi/lib/thumb/v7e-m+fp/hard\libc_nano.a(libc_a-lock.o)
                0x0800485c                __retarget_lock_acquire_recursive
 .text.__retarget_lock_release_recursive
                0x0800485e        0x2 E:/APPLICATION/APPLICATION_SOURCE/STM32CubeIDEsetting/STM32CubeIDE_1.18.0/STM32CubeIDE/plugins/com.st.stm32cube.ide.mcu.externaltools.gnu-tools-for-stm32.13.3.rel1.win32_1.0.0.202411081344/tools/bin/../lib/gcc/arm-none-eabi/13.3.1/../../../../arm-none-eabi/lib/thumb/v7e-m+fp/hard\libc_nano.a(libc_a-lock.o)
                0x0800485e                __retarget_lock_release_recursive
 .text._free_r  0x08004860       0x94 E:/APPLICATION/APPLICATION_SOURCE/STM32CubeIDEsetting/STM32CubeIDE_1.18.0/STM32CubeIDE/plugins/com.st.stm32cube.ide.mcu.externaltools.gnu-tools-for-stm32.13.3.rel1.win32_1.0.0.202411081344/tools/bin/../lib/gcc/arm-none-eabi/13.3.1/../../../../arm-none-eabi/lib/thumb/v7e-m+fp/hard\libc_nano.a(libc_a-freer.o)
                0x08004860                _free_r
 .text.sbrk_aligned
                0x080048f4       0x44 E:/APPLICATION/APPLICATION_SOURCE/STM32CubeIDEsetting/STM32CubeIDE_1.18.0/STM32CubeIDE/plugins/com.st.stm32cube.ide.mcu.externaltools.gnu-tools-for-stm32.13.3.rel1.win32_1.0.0.202411081344/tools/bin/../lib/gcc/arm-none-eabi/13.3.1/../../../../arm-none-eabi/lib/thumb/v7e-m+fp/hard\libc_nano.a(libc_a-mallocr.o)
 .text._malloc_r
                0x08004938      0x100 E:/APPLICATION/APPLICATION_SOURCE/STM32CubeIDEsetting/STM32CubeIDE_1.18.0/STM32CubeIDE/plugins/com.st.stm32cube.ide.mcu.externaltools.gnu-tools-for-stm32.13.3.rel1.win32_1.0.0.202411081344/tools/bin/../lib/gcc/arm-none-eabi/13.3.1/../../../../arm-none-eabi/lib/thumb/v7e-m+fp/hard\libc_nano.a(libc_a-mallocr.o)
                0x08004938                _malloc_r
 .text.__malloc_lock
                0x08004a38        0xc E:/APPLICATION/APPLICATION_SOURCE/STM32CubeIDEsetting/STM32CubeIDE_1.18.0/STM32CubeIDE/plugins/com.st.stm32cube.ide.mcu.externaltools.gnu-tools-for-stm32.13.3.rel1.win32_1.0.0.202411081344/tools/bin/../lib/gcc/arm-none-eabi/13.3.1/../../../../arm-none-eabi/lib/thumb/v7e-m+fp/hard\libc_nano.a(libc_a-mlock.o)
                0x08004a38                __malloc_lock
 .text.__malloc_unlock
                0x08004a44        0xc E:/APPLICATION/APPLICATION_SOURCE/STM32CubeIDEsetting/STM32CubeIDE_1.18.0/STM32CubeIDE/plugins/com.st.stm32cube.ide.mcu.externaltools.gnu-tools-for-stm32.13.3.rel1.win32_1.0.0.202411081344/tools/bin/../lib/gcc/arm-none-eabi/13.3.1/../../../../arm-none-eabi/lib/thumb/v7e-m+fp/hard\libc_nano.a(libc_a-mlock.o)
                0x08004a44                __malloc_unlock
 .text.__ssputs_r
                0x08004a50       0xb6 E:/APPLICATION/APPLICATION_SOURCE/STM32CubeIDEsetting/STM32CubeIDE_1.18.0/STM32CubeIDE/plugins/com.st.stm32cube.ide.mcu.externaltools.gnu-tools-for-stm32.13.3.rel1.win32_1.0.0.202411081344/tools/bin/../lib/gcc/arm-none-eabi/13.3.1/../../../../arm-none-eabi/lib/thumb/v7e-m+fp/hard\libc_nano.a(libc_a-nano-svfprintf.o)
                0x08004a50                __ssputs_r
 *fill*         0x08004b06        0x2 
 .text._svfprintf_r
                0x08004b08      0x1f8 E:/APPLICATION/APPLICATION_SOURCE/STM32CubeIDEsetting/STM32CubeIDE_1.18.0/STM32CubeIDE/plugins/com.st.stm32cube.ide.mcu.externaltools.gnu-tools-for-stm32.13.3.rel1.win32_1.0.0.202411081344/tools/bin/../lib/gcc/arm-none-eabi/13.3.1/../../../../arm-none-eabi/lib/thumb/v7e-m+fp/hard\libc_nano.a(libc_a-nano-svfprintf.o)
                0x08004b08                _svfiprintf_r
                0x08004b08                _svfprintf_r
 .text._printf_common
                0x08004d00       0xda E:/APPLICATION/APPLICATION_SOURCE/STM32CubeIDEsetting/STM32CubeIDE_1.18.0/STM32CubeIDE/plugins/com.st.stm32cube.ide.mcu.externaltools.gnu-tools-for-stm32.13.3.rel1.win32_1.0.0.202411081344/tools/bin/../lib/gcc/arm-none-eabi/13.3.1/../../../../arm-none-eabi/lib/thumb/v7e-m+fp/hard\libc_nano.a(libc_a-nano-vfprintf_i.o)
                0x08004d00                _printf_common
 *fill*         0x08004dda        0x2 
 .text._printf_i
                0x08004ddc      0x23c E:/APPLICATION/APPLICATION_SOURCE/STM32CubeIDEsetting/STM32CubeIDE_1.18.0/STM32CubeIDE/plugins/com.st.stm32cube.ide.mcu.externaltools.gnu-tools-for-stm32.13.3.rel1.win32_1.0.0.202411081344/tools/bin/../lib/gcc/arm-none-eabi/13.3.1/../../../../arm-none-eabi/lib/thumb/v7e-m+fp/hard\libc_nano.a(libc_a-nano-vfprintf_i.o)
                0x08004ddc                _printf_i
 .text.memmove  0x08005018       0x34 E:/APPLICATION/APPLICATION_SOURCE/STM32CubeIDEsetting/STM32CubeIDE_1.18.0/STM32CubeIDE/plugins/com.st.stm32cube.ide.mcu.externaltools.gnu-tools-for-stm32.13.3.rel1.win32_1.0.0.202411081344/tools/bin/../lib/gcc/arm-none-eabi/13.3.1/../../../../arm-none-eabi/lib/thumb/v7e-m+fp/hard\libc_nano.a(libc_a-memmove.o)
                0x08005018                memmove
 .text._sbrk_r  0x0800504c       0x20 E:/APPLICATION/APPLICATION_SOURCE/STM32CubeIDEsetting/STM32CubeIDE_1.18.0/STM32CubeIDE/plugins/com.st.stm32cube.ide.mcu.externaltools.gnu-tools-for-stm32.13.3.rel1.win32_1.0.0.202411081344/tools/bin/../lib/gcc/arm-none-eabi/13.3.1/../../../../arm-none-eabi/lib/thumb/v7e-m+fp/hard\libc_nano.a(libc_a-sbrkr.o)
                0x0800504c                _sbrk_r
 .text.memcpy   0x0800506c       0x1c E:/APPLICATION/APPLICATION_SOURCE/STM32CubeIDEsetting/STM32CubeIDE_1.18.0/STM32CubeIDE/plugins/com.st.stm32cube.ide.mcu.externaltools.gnu-tools-for-stm32.13.3.rel1.win32_1.0.0.202411081344/tools/bin/../lib/gcc/arm-none-eabi/13.3.1/../../../../arm-none-eabi/lib/thumb/v7e-m+fp/hard\libc_nano.a(libc_a-memcpy-stub.o)
                0x0800506c                memcpy
 .text._realloc_r
                0x08005088       0x5c E:/APPLICATION/APPLICATION_SOURCE/STM32CubeIDEsetting/STM32CubeIDE_1.18.0/STM32CubeIDE/plugins/com.st.stm32cube.ide.mcu.externaltools.gnu-tools-for-stm32.13.3.rel1.win32_1.0.0.202411081344/tools/bin/../lib/gcc/arm-none-eabi/13.3.1/../../../../arm-none-eabi/lib/thumb/v7e-m+fp/hard\libc_nano.a(libc_a-reallocr.o)
                0x08005088                _realloc_r
 .text._malloc_usable_size_r
                0x080050e4       0x10 E:/APPLICATION/APPLICATION_SOURCE/STM32CubeIDEsetting/STM32CubeIDE_1.18.0/STM32CubeIDE/plugins/com.st.stm32cube.ide.mcu.externaltools.gnu-tools-for-stm32.13.3.rel1.win32_1.0.0.202411081344/tools/bin/../lib/gcc/arm-none-eabi/13.3.1/../../../../arm-none-eabi/lib/thumb/v7e-m+fp/hard\libc_nano.a(libc_a-msizer.o)
                0x080050e4                _malloc_usable_size_r
 *(.glue_7)
 .glue_7        0x080050f4        0x0 linker stubs
 *(.glue_7t)
 .glue_7t       0x080050f4        0x0 linker stubs
 *(.eh_frame)
 .eh_frame      0x080050f4        0x0 E:/APPLICATION/APPLICATION_SOURCE/STM32CubeIDEsetting/STM32CubeIDE_1.18.0/STM32CubeIDE/plugins/com.st.stm32cube.ide.mcu.externaltools.gnu-tools-for-stm32.13.3.rel1.win32_1.0.0.202411081344/tools/bin/../lib/gcc/arm-none-eabi/13.3.1/thumb/v7e-m+fp/hard/crtbegin.o
 *(.init)
 .init          0x080050f4        0x4 E:/APPLICATION/APPLICATION_SOURCE/STM32CubeIDEsetting/STM32CubeIDE_1.18.0/STM32CubeIDE/plugins/com.st.stm32cube.ide.mcu.externaltools.gnu-tools-for-stm32.13.3.rel1.win32_1.0.0.202411081344/tools/bin/../lib/gcc/arm-none-eabi/13.3.1/thumb/v7e-m+fp/hard/crti.o
                0x080050f4                _init
 .init          0x080050f8        0x8 E:/APPLICATION/APPLICATION_SOURCE/STM32CubeIDEsetting/STM32CubeIDE_1.18.0/STM32CubeIDE/plugins/com.st.stm32cube.ide.mcu.externaltools.gnu-tools-for-stm32.13.3.rel1.win32_1.0.0.202411081344/tools/bin/../lib/gcc/arm-none-eabi/13.3.1/thumb/v7e-m+fp/hard/crtn.o
 *(.fini)
 .fini          0x08005100        0x4 E:/APPLICATION/APPLICATION_SOURCE/STM32CubeIDEsetting/STM32CubeIDE_1.18.0/STM32CubeIDE/plugins/com.st.stm32cube.ide.mcu.externaltools.gnu-tools-for-stm32.13.3.rel1.win32_1.0.0.202411081344/tools/bin/../lib/gcc/arm-none-eabi/13.3.1/thumb/v7e-m+fp/hard/crti.o
                0x08005100                _fini
 .fini          0x08005104        0x8 E:/APPLICATION/APPLICATION_SOURCE/STM32CubeIDEsetting/STM32CubeIDE_1.18.0/STM32CubeIDE/plugins/com.st.stm32cube.ide.mcu.externaltools.gnu-tools-for-stm32.13.3.rel1.win32_1.0.0.202411081344/tools/bin/../lib/gcc/arm-none-eabi/13.3.1/thumb/v7e-m+fp/hard/crtn.o
                0x0800510c                        . = ALIGN (0x4)
                0x0800510c                        _etext = .

.vfp11_veneer   0x0800510c        0x0
 .vfp11_veneer  0x0800510c        0x0 linker stubs

.v4_bx          0x0800510c        0x0
 .v4_bx         0x0800510c        0x0 linker stubs

.iplt           0x0800510c        0x0
 .iplt          0x0800510c        0x0 E:/APPLICATION/APPLICATION_SOURCE/STM32CubeIDEsetting/STM32CubeIDE_1.18.0/STM32CubeIDE/plugins/com.st.stm32cube.ide.mcu.externaltools.gnu-tools-for-stm32.13.3.rel1.win32_1.0.0.202411081344/tools/bin/../lib/gcc/arm-none-eabi/13.3.1/thumb/v7e-m+fp/hard/crtbegin.o

.rodata         0x0800510c       0xb8
                0x0800510c                        . = ALIGN (0x4)
 *(.rodata)
 .rodata        0x0800510c       0x6b ./Core/Src/main.o
 *(.rodata*)
 *fill*         0x08005177        0x1 
 .rodata.AHBPrescTable
                0x08005178       0x10 ./Core/Src/system_stm32f4xx.o
                0x08005178                AHBPrescTable
 .rodata.APBPrescTable
                0x08005188        0x8 ./Core/Src/system_stm32f4xx.o
                0x08005188                APBPrescTable
 .rodata._svfprintf_r.str1.1
                0x08005190       0x33 E:/APPLICATION/APPLICATION_SOURCE/STM32CubeIDEsetting/STM32CubeIDE_1.18.0/STM32CubeIDE/plugins/com.st.stm32cube.ide.mcu.externaltools.gnu-tools-for-stm32.13.3.rel1.win32_1.0.0.202411081344/tools/bin/../lib/gcc/arm-none-eabi/13.3.1/../../../../arm-none-eabi/lib/thumb/v7e-m+fp/hard\libc_nano.a(libc_a-nano-svfprintf.o)
                                 0x11 (size before relaxing)
 .rodata._printf_i.str1.1
                0x080051c3       0x22 E:/APPLICATION/APPLICATION_SOURCE/STM32CubeIDEsetting/STM32CubeIDE_1.18.0/STM32CubeIDE/plugins/com.st.stm32cube.ide.mcu.externaltools.gnu-tools-for-stm32.13.3.rel1.win32_1.0.0.202411081344/tools/bin/../lib/gcc/arm-none-eabi/13.3.1/../../../../arm-none-eabi/lib/thumb/v7e-m+fp/hard\libc_nano.a(libc_a-nano-vfprintf_i.o)
                0x080051e8                        . = ALIGN (0x4)
 *fill*         0x080051c3        0x1 

.ARM.extab      0x080051c4        0x0
                0x080051c4                        . = ALIGN (0x4)
 *(.ARM.extab* .gnu.linkonce.armextab.*)
                0x080051c4                        . = ALIGN (0x4)

.ARM            0x080051c4        0x8
                0x080051c4                        . = ALIGN (0x4)
                0x080051c4                        __exidx_start = .
 *(.ARM.exidx*)
 .ARM.exidx     0x080051c4        0x8 E:/APPLICATION/APPLICATION_SOURCE/STM32CubeIDEsetting/STM32CubeIDE_1.18.0/STM32CubeIDE/plugins/com.st.stm32cube.ide.mcu.externaltools.gnu-tools-for-stm32.13.3.rel1.win32_1.0.0.202411081344/tools/bin/../lib/gcc/arm-none-eabi/13.3.1/../../../../arm-none-eabi/lib/thumb/v7e-m+fp/hard\libc_nano.a(libc_a-strlen.o)
 .ARM.exidx     0x080051cc        0x0 E:/APPLICATION/APPLICATION_SOURCE/STM32CubeIDEsetting/STM32CubeIDE_1.18.0/STM32CubeIDE/plugins/com.st.stm32cube.ide.mcu.externaltools.gnu-tools-for-stm32.13.3.rel1.win32_1.0.0.202411081344/tools/bin/../lib/gcc/arm-none-eabi/13.3.1/../../../../arm-none-eabi/lib/thumb/v7e-m+fp/hard\libc_nano.a(libc_a-memchr.o)
                                  0x8 (size before relaxing)
 .ARM.exidx     0x080051cc        0x0 E:/APPLICATION/APPLICATION_SOURCE/STM32CubeIDEsetting/STM32CubeIDE_1.18.0/STM32CubeIDE/plugins/com.st.stm32cube.ide.mcu.externaltools.gnu-tools-for-stm32.13.3.rel1.win32_1.0.0.202411081344/tools/bin/../lib/gcc/arm-none-eabi/13.3.1/thumb/v7e-m+fp/hard\libgcc.a(_udivmoddi4.o)
                                  0x8 (size before relaxing)
                0x080051cc                        __exidx_end = .
                0x080051cc                        . = ALIGN (0x4)

.preinit_array  0x080051cc        0x0
                0x080051cc                        . = ALIGN (0x4)
                0x080051cc                        PROVIDE (__preinit_array_start = .)
 *(.preinit_array*)
                0x080051cc                        PROVIDE (__preinit_array_end = .)
                0x080051cc                        . = ALIGN (0x4)

.init_array     0x080051cc        0x4
                0x080051cc                        . = ALIGN (0x4)
                0x080051cc                        PROVIDE (__init_array_start = .)
 *(SORT_BY_NAME(.init_array.*))
 *(.init_array*)
 .init_array    0x080051cc        0x4 E:/APPLICATION/APPLICATION_SOURCE/STM32CubeIDEsetting/STM32CubeIDE_1.18.0/STM32CubeIDE/plugins/com.st.stm32cube.ide.mcu.externaltools.gnu-tools-for-stm32.13.3.rel1.win32_1.0.0.202411081344/tools/bin/../lib/gcc/arm-none-eabi/13.3.1/thumb/v7e-m+fp/hard/crtbegin.o
                0x080051d0                        PROVIDE (__init_array_end = .)
                0x080051d0                        . = ALIGN (0x4)

.fini_array     0x080051d0        0x4
                0x080051d0                        . = ALIGN (0x4)
                [!provide]                        PROVIDE (__fini_array_start = .)
 *(SORT_BY_NAME(.fini_array.*))
 *(.fini_array*)
 .fini_array    0x080051d0        0x4 E:/APPLICATION/APPLICATION_SOURCE/STM32CubeIDEsetting/STM32CubeIDE_1.18.0/STM32CubeIDE/plugins/com.st.stm32cube.ide.mcu.externaltools.gnu-tools-for-stm32.13.3.rel1.win32_1.0.0.202411081344/tools/bin/../lib/gcc/arm-none-eabi/13.3.1/thumb/v7e-m+fp/hard/crtbegin.o
                [!provide]                        PROVIDE (__fini_array_end = .)
                0x080051d4                        . = ALIGN (0x4)
                0x080051d4                        _sidata = LOADADDR (.data)

.rel.dyn        0x080051d4        0x0
 .rel.iplt      0x080051d4        0x0 E:/APPLICATION/APPLICATION_SOURCE/STM32CubeIDEsetting/STM32CubeIDE_1.18.0/STM32CubeIDE/plugins/com.st.stm32cube.ide.mcu.externaltools.gnu-tools-for-stm32.13.3.rel1.win32_1.0.0.202411081344/tools/bin/../lib/gcc/arm-none-eabi/13.3.1/thumb/v7e-m+fp/hard/crtbegin.o

.data           0x20000000       0x6c load address 0x080051d4
                0x20000000                        . = ALIGN (0x4)
                0x20000000                        _sdata = .
 *(.data)
 *(.data*)
 .data.Mask     0x20000000        0xa ./Core/Src/7seg.o
                0x20000000                Mask
 *fill*         0x2000000a        0x2 
 .data.scale_factor
                0x2000000c        0x4 ./Core/Src/main.o
                0x2000000c                scale_factor
 .data.SystemCoreClock
                0x20000010        0x4 ./Core/Src/system_stm32f4xx.o
                0x20000010                SystemCoreClock
 .data.uwTickPrio
                0x20000014        0x4 ./Drivers/STM32F4xx_HAL_Driver/Src/stm32f4xx_hal.o
                0x20000014                uwTickPrio
 .data.uwTickFreq
                0x20000018        0x1 ./Drivers/STM32F4xx_HAL_Driver/Src/stm32f4xx_hal.o
                0x20000018                uwTickFreq
 *fill*         0x20000019        0x3 
 .data._impure_ptr
                0x2000001c        0x4 E:/APPLICATION/APPLICATION_SOURCE/STM32CubeIDEsetting/STM32CubeIDE_1.18.0/STM32CubeIDE/plugins/com.st.stm32cube.ide.mcu.externaltools.gnu-tools-for-stm32.13.3.rel1.win32_1.0.0.202411081344/tools/bin/../lib/gcc/arm-none-eabi/13.3.1/../../../../arm-none-eabi/lib/thumb/v7e-m+fp/hard\libc_nano.a(libc_a-impure.o)
                0x2000001c                _impure_ptr
 .data._impure_data
                0x20000020       0x4c E:/APPLICATION/APPLICATION_SOURCE/STM32CubeIDEsetting/STM32CubeIDE_1.18.0/STM32CubeIDE/plugins/com.st.stm32cube.ide.mcu.externaltools.gnu-tools-for-stm32.13.3.rel1.win32_1.0.0.202411081344/tools/bin/../lib/gcc/arm-none-eabi/13.3.1/../../../../arm-none-eabi/lib/thumb/v7e-m+fp/hard\libc_nano.a(libc_a-impure.o)
                0x20000020                _impure_data
 *(.RamFunc)
 *(.RamFunc*)
                0x2000006c                        . = ALIGN (0x4)
                0x2000006c                        _edata = .
                0x08005240                        _siccmram = LOADADDR (.ccmram)

.igot.plt       0x2000006c        0x0 load address 0x08005240
 .igot.plt      0x2000006c        0x0 E:/APPLICATION/APPLICATION_SOURCE/STM32CubeIDEsetting/STM32CubeIDE_1.18.0/STM32CubeIDE/plugins/com.st.stm32cube.ide.mcu.externaltools.gnu-tools-for-stm32.13.3.rel1.win32_1.0.0.202411081344/tools/bin/../lib/gcc/arm-none-eabi/13.3.1/thumb/v7e-m+fp/hard/crtbegin.o

.ccmram         0x10000000        0x0 load address 0x08005240
                0x10000000                        . = ALIGN (0x4)
                0x10000000                        _sccmram = .
 *(.ccmram)
 *(.ccmram*)
                0x10000000                        . = ALIGN (0x4)
                0x10000000                        _eccmram = .
                0x10000000                        . = ALIGN (0x4)

.bss            0x2000006c      0x2e8
                0x2000006c                        _sbss = .
                0x2000006c                        __bss_start__ = _sbss
 *(.bss)
 .bss           0x2000006c       0x1c E:/APPLICATION/APPLICATION_SOURCE/STM32CubeIDEsetting/STM32CubeIDE_1.18.0/STM32CubeIDE/plugins/com.st.stm32cube.ide.mcu.externaltools.gnu-tools-for-stm32.13.3.rel1.win32_1.0.0.202411081344/tools/bin/../lib/gcc/arm-none-eabi/13.3.1/thumb/v7e-m+fp/hard/crtbegin.o
 *(.bss*)
 .bss.DisplayValue
                0x20000088        0x4 ./Core/Src/7seg.o
                0x20000088                DisplayValue
 .bss.pos       0x2000008c        0x4 ./Core/Src/7seg.o
                0x2000008c                pos
 .bss.hspi4     0x20000090       0x58 ./Core/Src/main.o
                0x20000090                hspi4
 .bss.htim6     0x200000e8       0x48 ./Core/Src/main.o
                0x200000e8                htim6
 .bss.huart1    0x20000130       0x48 ./Core/Src/main.o
                0x20000130                huart1
 .bss.hx711     0x20000178       0x24 ./Core/Src/main.o
                0x20000178                hx711
 .bss.offset    0x2000019c        0x4 ./Core/Src/main.o
                0x2000019c                offset
 .bss.msg       0x200001a0       0x64 ./Core/Src/main.o
                0x200001a0                msg
 .bss.__sbrk_heap_end
                0x20000204        0x4 ./Core/Src/sysmem.o
 .bss.uwTick    0x20000208        0x4 ./Drivers/STM32F4xx_HAL_Driver/Src/stm32f4xx_hal.o
                0x20000208                uwTick
 .bss.__sf      0x2000020c      0x138 E:/APPLICATION/APPLICATION_SOURCE/STM32CubeIDEsetting/STM32CubeIDE_1.18.0/STM32CubeIDE/plugins/com.st.stm32cube.ide.mcu.externaltools.gnu-tools-for-stm32.13.3.rel1.win32_1.0.0.202411081344/tools/bin/../lib/gcc/arm-none-eabi/13.3.1/../../../../arm-none-eabi/lib/thumb/v7e-m+fp/hard\libc_nano.a(libc_a-findfp.o)
                0x2000020c                __sf
 .bss.errno     0x20000344        0x4 E:/APPLICATION/APPLICATION_SOURCE/STM32CubeIDEsetting/STM32CubeIDE_1.18.0/STM32CubeIDE/plugins/com.st.stm32cube.ide.mcu.externaltools.gnu-tools-for-stm32.13.3.rel1.win32_1.0.0.202411081344/tools/bin/../lib/gcc/arm-none-eabi/13.3.1/../../../../arm-none-eabi/lib/thumb/v7e-m+fp/hard\libc_nano.a(libc_a-reent.o)
                0x20000344                errno
 .bss.__lock___malloc_recursive_mutex
                0x20000348        0x1 E:/APPLICATION/APPLICATION_SOURCE/STM32CubeIDEsetting/STM32CubeIDE_1.18.0/STM32CubeIDE/plugins/com.st.stm32cube.ide.mcu.externaltools.gnu-tools-for-stm32.13.3.rel1.win32_1.0.0.202411081344/tools/bin/../lib/gcc/arm-none-eabi/13.3.1/../../../../arm-none-eabi/lib/thumb/v7e-m+fp/hard\libc_nano.a(libc_a-lock.o)
                0x20000348                __lock___malloc_recursive_mutex
 *fill*         0x20000349        0x3 
 .bss.__malloc_sbrk_start
                0x2000034c        0x4 E:/APPLICATION/APPLICATION_SOURCE/STM32CubeIDEsetting/STM32CubeIDE_1.18.0/STM32CubeIDE/plugins/com.st.stm32cube.ide.mcu.externaltools.gnu-tools-for-stm32.13.3.rel1.win32_1.0.0.202411081344/tools/bin/../lib/gcc/arm-none-eabi/13.3.1/../../../../arm-none-eabi/lib/thumb/v7e-m+fp/hard\libc_nano.a(libc_a-mallocr.o)
                0x2000034c                __malloc_sbrk_start
 .bss.__malloc_free_list
                0x20000350        0x4 E:/APPLICATION/APPLICATION_SOURCE/STM32CubeIDEsetting/STM32CubeIDE_1.18.0/STM32CubeIDE/plugins/com.st.stm32cube.ide.mcu.externaltools.gnu-tools-for-stm32.13.3.rel1.win32_1.0.0.202411081344/tools/bin/../lib/gcc/arm-none-eabi/13.3.1/../../../../arm-none-eabi/lib/thumb/v7e-m+fp/hard\libc_nano.a(libc_a-mallocr.o)
                0x20000350                __malloc_free_list
 *(COMMON)
                0x20000354                        . = ALIGN (0x4)
                0x20000354                        _ebss = .
                0x20000354                        __bss_end__ = _ebss

._user_heap_stack
                0x20000354      0x604
                0x20000358                        . = ALIGN (0x8)
 *fill*         0x20000354        0x4 
                [!provide]                        PROVIDE (end = .)
                0x20000358                        PROVIDE (_end = .)
                0x20000558                        . = (. + _Min_Heap_Size)
 *fill*         0x20000358      0x200 
                0x20000958                        . = (. + _Min_Stack_Size)
 *fill*         0x20000558      0x400 
                0x20000958                        . = ALIGN (0x8)

/DISCARD/
 libc.a(*)
 libm.a(*)
 libgcc.a(*)

.ARM.attributes
                0x00000000       0x30
 *(.ARM.attributes)
 .ARM.attributes
                0x00000000       0x22 E:/APPLICATION/APPLICATION_SOURCE/STM32CubeIDEsetting/STM32CubeIDE_1.18.0/STM32CubeIDE/plugins/com.st.stm32cube.ide.mcu.externaltools.gnu-tools-for-stm32.13.3.rel1.win32_1.0.0.202411081344/tools/bin/../lib/gcc/arm-none-eabi/13.3.1/thumb/v7e-m+fp/hard/crti.o
 .ARM.attributes
                0x00000022       0x34 E:/APPLICATION/APPLICATION_SOURCE/STM32CubeIDEsetting/STM32CubeIDE_1.18.0/STM32CubeIDE/plugins/com.st.stm32cube.ide.mcu.externaltools.gnu-tools-for-stm32.13.3.rel1.win32_1.0.0.202411081344/tools/bin/../lib/gcc/arm-none-eabi/13.3.1/thumb/v7e-m+fp/hard/crtbegin.o
 .ARM.attributes
                0x00000056       0x34 ./Core/Src/7seg.o
 .ARM.attributes
                0x0000008a       0x34 ./Core/Src/HX711.o
 .ARM.attributes
                0x000000be       0x34 ./Core/Src/main.o
 .ARM.attributes
                0x000000f2       0x34 ./Core/Src/stm32f4xx_hal_msp.o
 .ARM.attributes
                0x00000126       0x34 ./Core/Src/stm32f4xx_it.o
 .ARM.attributes
                0x0000015a       0x34 ./Core/Src/sysmem.o
 .ARM.attributes
                0x0000018e       0x34 ./Core/Src/system_stm32f4xx.o
 .ARM.attributes
                0x000001c2       0x34 ./Core/Src/tm_stm32f4_mfrc522.o
 .ARM.attributes
                0x000001f6       0x21 ./Core/Startup/startup_stm32f429zitx.o
 .ARM.attributes
                0x00000217       0x34 ./Drivers/STM32F4xx_HAL_Driver/Src/stm32f4xx_hal.o
 .ARM.attributes
                0x0000024b       0x34 ./Drivers/STM32F4xx_HAL_Driver/Src/stm32f4xx_hal_cortex.o
 .ARM.attributes
                0x0000027f       0x34 ./Drivers/STM32F4xx_HAL_Driver/Src/stm32f4xx_hal_gpio.o
 .ARM.attributes
                0x000002b3       0x34 ./Drivers/STM32F4xx_HAL_Driver/Src/stm32f4xx_hal_pwr_ex.o
 .ARM.attributes
                0x000002e7       0x34 ./Drivers/STM32F4xx_HAL_Driver/Src/stm32f4xx_hal_rcc.o
 .ARM.attributes
                0x0000031b       0x34 ./Drivers/STM32F4xx_HAL_Driver/Src/stm32f4xx_hal_spi.o
 .ARM.attributes
                0x0000034f       0x34 ./Drivers/STM32F4xx_HAL_Driver/Src/stm32f4xx_hal_tim.o
 .ARM.attributes
                0x00000383       0x34 ./Drivers/STM32F4xx_HAL_Driver/Src/stm32f4xx_hal_tim_ex.o
 .ARM.attributes
                0x000003b7       0x34 ./Drivers/STM32F4xx_HAL_Driver/Src/stm32f4xx_hal_uart.o
 .ARM.attributes
                0x000003eb       0x34 E:/APPLICATION/APPLICATION_SOURCE/STM32CubeIDEsetting/STM32CubeIDE_1.18.0/STM32CubeIDE/plugins/com.st.stm32cube.ide.mcu.externaltools.gnu-tools-for-stm32.13.3.rel1.win32_1.0.0.202411081344/tools/bin/../lib/gcc/arm-none-eabi/13.3.1/../../../../arm-none-eabi/lib/thumb/v7e-m+fp/hard\libc_nano.a(libc_a-findfp.o)
 .ARM.attributes
                0x0000041f       0x34 E:/APPLICATION/APPLICATION_SOURCE/STM32CubeIDEsetting/STM32CubeIDE_1.18.0/STM32CubeIDE/plugins/com.st.stm32cube.ide.mcu.externaltools.gnu-tools-for-stm32.13.3.rel1.win32_1.0.0.202411081344/tools/bin/../lib/gcc/arm-none-eabi/13.3.1/../../../../arm-none-eabi/lib/thumb/v7e-m+fp/hard\libc_nano.a(libc_a-sprintf.o)
 .ARM.attributes
                0x00000453       0x34 E:/APPLICATION/APPLICATION_SOURCE/STM32CubeIDEsetting/STM32CubeIDE_1.18.0/STM32CubeIDE/plugins/com.st.stm32cube.ide.mcu.externaltools.gnu-tools-for-stm32.13.3.rel1.win32_1.0.0.202411081344/tools/bin/../lib/gcc/arm-none-eabi/13.3.1/../../../../arm-none-eabi/lib/thumb/v7e-m+fp/hard\libc_nano.a(libc_a-memset.o)
 .ARM.attributes
                0x00000487       0x34 E:/APPLICATION/APPLICATION_SOURCE/STM32CubeIDEsetting/STM32CubeIDE_1.18.0/STM32CubeIDE/plugins/com.st.stm32cube.ide.mcu.externaltools.gnu-tools-for-stm32.13.3.rel1.win32_1.0.0.202411081344/tools/bin/../lib/gcc/arm-none-eabi/13.3.1/../../../../arm-none-eabi/lib/thumb/v7e-m+fp/hard\libc_nano.a(libc_a-reent.o)
 .ARM.attributes
                0x000004bb       0x34 E:/APPLICATION/APPLICATION_SOURCE/STM32CubeIDEsetting/STM32CubeIDE_1.18.0/STM32CubeIDE/plugins/com.st.stm32cube.ide.mcu.externaltools.gnu-tools-for-stm32.13.3.rel1.win32_1.0.0.202411081344/tools/bin/../lib/gcc/arm-none-eabi/13.3.1/../../../../arm-none-eabi/lib/thumb/v7e-m+fp/hard\libc_nano.a(libc_a-impure.o)
 .ARM.attributes
                0x000004ef       0x34 E:/APPLICATION/APPLICATION_SOURCE/STM32CubeIDEsetting/STM32CubeIDE_1.18.0/STM32CubeIDE/plugins/com.st.stm32cube.ide.mcu.externaltools.gnu-tools-for-stm32.13.3.rel1.win32_1.0.0.202411081344/tools/bin/../lib/gcc/arm-none-eabi/13.3.1/../../../../arm-none-eabi/lib/thumb/v7e-m+fp/hard\libc_nano.a(libc_a-errno.o)
 .ARM.attributes
                0x00000523       0x34 E:/APPLICATION/APPLICATION_SOURCE/STM32CubeIDEsetting/STM32CubeIDE_1.18.0/STM32CubeIDE/plugins/com.st.stm32cube.ide.mcu.externaltools.gnu-tools-for-stm32.13.3.rel1.win32_1.0.0.202411081344/tools/bin/../lib/gcc/arm-none-eabi/13.3.1/../../../../arm-none-eabi/lib/thumb/v7e-m+fp/hard\libc_nano.a(libc_a-init.o)
 .ARM.attributes
                0x00000557       0x34 E:/APPLICATION/APPLICATION_SOURCE/STM32CubeIDEsetting/STM32CubeIDE_1.18.0/STM32CubeIDE/plugins/com.st.stm32cube.ide.mcu.externaltools.gnu-tools-for-stm32.13.3.rel1.win32_1.0.0.202411081344/tools/bin/../lib/gcc/arm-none-eabi/13.3.1/../../../../arm-none-eabi/lib/thumb/v7e-m+fp/hard\libc_nano.a(libc_a-lock.o)
 .ARM.attributes
                0x0000058b       0x17 E:/APPLICATION/APPLICATION_SOURCE/STM32CubeIDEsetting/STM32CubeIDE_1.18.0/STM32CubeIDE/plugins/com.st.stm32cube.ide.mcu.externaltools.gnu-tools-for-stm32.13.3.rel1.win32_1.0.0.202411081344/tools/bin/../lib/gcc/arm-none-eabi/13.3.1/../../../../arm-none-eabi/lib/thumb/v7e-m+fp/hard\libc_nano.a(libc_a-strlen.o)
 .ARM.attributes
                0x000005a2       0x34 E:/APPLICATION/APPLICATION_SOURCE/STM32CubeIDEsetting/STM32CubeIDE_1.18.0/STM32CubeIDE/plugins/com.st.stm32cube.ide.mcu.externaltools.gnu-tools-for-stm32.13.3.rel1.win32_1.0.0.202411081344/tools/bin/../lib/gcc/arm-none-eabi/13.3.1/../../../../arm-none-eabi/lib/thumb/v7e-m+fp/hard\libc_nano.a(libc_a-freer.o)
 .ARM.attributes
                0x000005d6       0x34 E:/APPLICATION/APPLICATION_SOURCE/STM32CubeIDEsetting/STM32CubeIDE_1.18.0/STM32CubeIDE/plugins/com.st.stm32cube.ide.mcu.externaltools.gnu-tools-for-stm32.13.3.rel1.win32_1.0.0.202411081344/tools/bin/../lib/gcc/arm-none-eabi/13.3.1/../../../../arm-none-eabi/lib/thumb/v7e-m+fp/hard\libc_nano.a(libc_a-mallocr.o)
 .ARM.attributes
                0x0000060a       0x34 E:/APPLICATION/APPLICATION_SOURCE/STM32CubeIDEsetting/STM32CubeIDE_1.18.0/STM32CubeIDE/plugins/com.st.stm32cube.ide.mcu.externaltools.gnu-tools-for-stm32.13.3.rel1.win32_1.0.0.202411081344/tools/bin/../lib/gcc/arm-none-eabi/13.3.1/../../../../arm-none-eabi/lib/thumb/v7e-m+fp/hard\libc_nano.a(libc_a-mlock.o)
 .ARM.attributes
                0x0000063e       0x34 E:/APPLICATION/APPLICATION_SOURCE/STM32CubeIDEsetting/STM32CubeIDE_1.18.0/STM32CubeIDE/plugins/com.st.stm32cube.ide.mcu.externaltools.gnu-tools-for-stm32.13.3.rel1.win32_1.0.0.202411081344/tools/bin/../lib/gcc/arm-none-eabi/13.3.1/../../../../arm-none-eabi/lib/thumb/v7e-m+fp/hard\libc_nano.a(libc_a-nano-svfprintf.o)
 .ARM.attributes
                0x00000672       0x34 E:/APPLICATION/APPLICATION_SOURCE/STM32CubeIDEsetting/STM32CubeIDE_1.18.0/STM32CubeIDE/plugins/com.st.stm32cube.ide.mcu.externaltools.gnu-tools-for-stm32.13.3.rel1.win32_1.0.0.202411081344/tools/bin/../lib/gcc/arm-none-eabi/13.3.1/../../../../arm-none-eabi/lib/thumb/v7e-m+fp/hard\libc_nano.a(libc_a-nano-vfprintf_i.o)
 .ARM.attributes
                0x000006a6       0x34 E:/APPLICATION/APPLICATION_SOURCE/STM32CubeIDEsetting/STM32CubeIDE_1.18.0/STM32CubeIDE/plugins/com.st.stm32cube.ide.mcu.externaltools.gnu-tools-for-stm32.13.3.rel1.win32_1.0.0.202411081344/tools/bin/../lib/gcc/arm-none-eabi/13.3.1/../../../../arm-none-eabi/lib/thumb/v7e-m+fp/hard\libc_nano.a(libc_a-memmove.o)
 .ARM.attributes
                0x000006da       0x34 E:/APPLICATION/APPLICATION_SOURCE/STM32CubeIDEsetting/STM32CubeIDE_1.18.0/STM32CubeIDE/plugins/com.st.stm32cube.ide.mcu.externaltools.gnu-tools-for-stm32.13.3.rel1.win32_1.0.0.202411081344/tools/bin/../lib/gcc/arm-none-eabi/13.3.1/../../../../arm-none-eabi/lib/thumb/v7e-m+fp/hard\libc_nano.a(libc_a-sbrkr.o)
 .ARM.attributes
                0x0000070e       0x1c E:/APPLICATION/APPLICATION_SOURCE/STM32CubeIDEsetting/STM32CubeIDE_1.18.0/STM32CubeIDE/plugins/com.st.stm32cube.ide.mcu.externaltools.gnu-tools-for-stm32.13.3.rel1.win32_1.0.0.202411081344/tools/bin/../lib/gcc/arm-none-eabi/13.3.1/../../../../arm-none-eabi/lib/thumb/v7e-m+fp/hard\libc_nano.a(libc_a-memchr.o)
 .ARM.attributes
                0x0000072a       0x34 E:/APPLICATION/APPLICATION_SOURCE/STM32CubeIDEsetting/STM32CubeIDE_1.18.0/STM32CubeIDE/plugins/com.st.stm32cube.ide.mcu.externaltools.gnu-tools-for-stm32.13.3.rel1.win32_1.0.0.202411081344/tools/bin/../lib/gcc/arm-none-eabi/13.3.1/../../../../arm-none-eabi/lib/thumb/v7e-m+fp/hard\libc_nano.a(libc_a-memcpy-stub.o)
 .ARM.attributes
                0x0000075e       0x34 E:/APPLICATION/APPLICATION_SOURCE/STM32CubeIDEsetting/STM32CubeIDE_1.18.0/STM32CubeIDE/plugins/com.st.stm32cube.ide.mcu.externaltools.gnu-tools-for-stm32.13.3.rel1.win32_1.0.0.202411081344/tools/bin/../lib/gcc/arm-none-eabi/13.3.1/../../../../arm-none-eabi/lib/thumb/v7e-m+fp/hard\libc_nano.a(libc_a-reallocr.o)
 .ARM.attributes
                0x00000792       0x34 E:/APPLICATION/APPLICATION_SOURCE/STM32CubeIDEsetting/STM32CubeIDE_1.18.0/STM32CubeIDE/plugins/com.st.stm32cube.ide.mcu.externaltools.gnu-tools-for-stm32.13.3.rel1.win32_1.0.0.202411081344/tools/bin/../lib/gcc/arm-none-eabi/13.3.1/../../../../arm-none-eabi/lib/thumb/v7e-m+fp/hard\libc_nano.a(libc_a-msizer.o)
 .ARM.attributes
                0x000007c6       0x22 E:/APPLICATION/APPLICATION_SOURCE/STM32CubeIDEsetting/STM32CubeIDE_1.18.0/STM32CubeIDE/plugins/com.st.stm32cube.ide.mcu.externaltools.gnu-tools-for-stm32.13.3.rel1.win32_1.0.0.202411081344/tools/bin/../lib/gcc/arm-none-eabi/13.3.1/thumb/v7e-m+fp/hard\libgcc.a(_arm_addsubdf3.o)
 .ARM.attributes
                0x000007e8       0x22 E:/APPLICATION/APPLICATION_SOURCE/STM32CubeIDEsetting/STM32CubeIDE_1.18.0/STM32CubeIDE/plugins/com.st.stm32cube.ide.mcu.externaltools.gnu-tools-for-stm32.13.3.rel1.win32_1.0.0.202411081344/tools/bin/../lib/gcc/arm-none-eabi/13.3.1/thumb/v7e-m+fp/hard\libgcc.a(_arm_fixdfsi.o)
 .ARM.attributes
                0x0000080a       0x22 E:/APPLICATION/APPLICATION_SOURCE/STM32CubeIDEsetting/STM32CubeIDE_1.18.0/STM32CubeIDE/plugins/com.st.stm32cube.ide.mcu.externaltools.gnu-tools-for-stm32.13.3.rel1.win32_1.0.0.202411081344/tools/bin/../lib/gcc/arm-none-eabi/13.3.1/thumb/v7e-m+fp/hard\libgcc.a(_aeabi_uldivmod.o)
 .ARM.attributes
                0x0000082c       0x34 E:/APPLICATION/APPLICATION_SOURCE/STM32CubeIDEsetting/STM32CubeIDE_1.18.0/STM32CubeIDE/plugins/com.st.stm32cube.ide.mcu.externaltools.gnu-tools-for-stm32.13.3.rel1.win32_1.0.0.202411081344/tools/bin/../lib/gcc/arm-none-eabi/13.3.1/thumb/v7e-m+fp/hard\libgcc.a(_udivmoddi4.o)
 .ARM.attributes
                0x00000860       0x22 E:/APPLICATION/APPLICATION_SOURCE/STM32CubeIDEsetting/STM32CubeIDE_1.18.0/STM32CubeIDE/plugins/com.st.stm32cube.ide.mcu.externaltools.gnu-tools-for-stm32.13.3.rel1.win32_1.0.0.202411081344/tools/bin/../lib/gcc/arm-none-eabi/13.3.1/thumb/v7e-m+fp/hard\libgcc.a(_dvmd_tls.o)
 .ARM.attributes
                0x00000882       0x22 E:/APPLICATION/APPLICATION_SOURCE/STM32CubeIDEsetting/STM32CubeIDE_1.18.0/STM32CubeIDE/plugins/com.st.stm32cube.ide.mcu.externaltools.gnu-tools-for-stm32.13.3.rel1.win32_1.0.0.202411081344/tools/bin/../lib/gcc/arm-none-eabi/13.3.1/thumb/v7e-m+fp/hard/crtn.o
OUTPUT(smart-scale.elf elf32-littlearm)
LOAD linker stubs
LOAD E:/APPLICATION/APPLICATION_SOURCE/STM32CubeIDEsetting/STM32CubeIDE_1.18.0/STM32CubeIDE/plugins/com.st.stm32cube.ide.mcu.externaltools.gnu-tools-for-stm32.13.3.rel1.win32_1.0.0.202411081344/tools/bin/../lib/gcc/arm-none-eabi/13.3.1/../../../../arm-none-eabi/lib/thumb/v7e-m+fp/hard\libc.a
LOAD E:/APPLICATION/APPLICATION_SOURCE/STM32CubeIDEsetting/STM32CubeIDE_1.18.0/STM32CubeIDE/plugins/com.st.stm32cube.ide.mcu.externaltools.gnu-tools-for-stm32.13.3.rel1.win32_1.0.0.202411081344/tools/bin/../lib/gcc/arm-none-eabi/13.3.1/../../../../arm-none-eabi/lib/thumb/v7e-m+fp/hard\libm.a
LOAD E:/APPLICATION/APPLICATION_SOURCE/STM32CubeIDEsetting/STM32CubeIDE_1.18.0/STM32CubeIDE/plugins/com.st.stm32cube.ide.mcu.externaltools.gnu-tools-for-stm32.13.3.rel1.win32_1.0.0.202411081344/tools/bin/../lib/gcc/arm-none-eabi/13.3.1/thumb/v7e-m+fp/hard\libgcc.a

.debug_info     0x00000000     0xfd23
 .debug_info    0x00000000      0x21b ./Core/Src/7seg.o
 .debug_info    0x0000021b      0x730 ./Core/Src/HX711.o
 .debug_info    0x0000094b     0x1578 ./Core/Src/main.o
 .debug_info    0x00001ec3     0x1274 ./Core/Src/stm32f4xx_hal_msp.o
 .debug_info    0x00003137      0x715 ./Core/Src/stm32f4xx_it.o
 .debug_info    0x0000384c      0x168 ./Core/Src/sysmem.o
 .debug_info    0x000039b4      0x52e ./Core/Src/system_stm32f4xx.o
 .debug_info    0x00003ee2      0xd35 ./Core/Src/tm_stm32f4_mfrc522.o
 .debug_info    0x00004c17       0x30 ./Core/Startup/startup_stm32f429zitx.o
 .debug_info    0x00004c47      0x9ba ./Drivers/STM32F4xx_HAL_Driver/Src/stm32f4xx_hal.o
 .debug_info    0x00005601      0xdc2 ./Drivers/STM32F4xx_HAL_Driver/Src/stm32f4xx_hal_cortex.o
 .debug_info    0x000063c3      0x6db ./Drivers/STM32F4xx_HAL_Driver/Src/stm32f4xx_hal_gpio.o
 .debug_info    0x00006a9e      0x6be ./Drivers/STM32F4xx_HAL_Driver/Src/stm32f4xx_hal_pwr_ex.o
 .debug_info    0x0000715c      0x8db ./Drivers/STM32F4xx_HAL_Driver/Src/stm32f4xx_hal_rcc.o
 .debug_info    0x00007a37     0x1525 ./Drivers/STM32F4xx_HAL_Driver/Src/stm32f4xx_hal_spi.o
 .debug_info    0x00008f5c     0x299d ./Drivers/STM32F4xx_HAL_Driver/Src/stm32f4xx_hal_tim.o
 .debug_info    0x0000b8f9     0x14db ./Drivers/STM32F4xx_HAL_Driver/Src/stm32f4xx_hal_tim_ex.o
 .debug_info    0x0000cdd4     0x2f4f ./Drivers/STM32F4xx_HAL_Driver/Src/stm32f4xx_hal_uart.o

.debug_abbrev   0x00000000     0x2485
 .debug_abbrev  0x00000000      0x154 ./Core/Src/7seg.o
 .debug_abbrev  0x00000154      0x1f8 ./Core/Src/HX711.o
 .debug_abbrev  0x0000034c      0x2d9 ./Core/Src/main.o
 .debug_abbrev  0x00000625      0x1df ./Core/Src/stm32f4xx_hal_msp.o
 .debug_abbrev  0x00000804      0x1d6 ./Core/Src/stm32f4xx_it.o
 .debug_abbrev  0x000009da       0xbc ./Core/Src/sysmem.o
 .debug_abbrev  0x00000a96      0x11a ./Core/Src/system_stm32f4xx.o
 .debug_abbrev  0x00000bb0      0x2a3 ./Core/Src/tm_stm32f4_mfrc522.o
 .debug_abbrev  0x00000e53       0x24 ./Core/Startup/startup_stm32f429zitx.o
 .debug_abbrev  0x00000e77      0x214 ./Drivers/STM32F4xx_HAL_Driver/Src/stm32f4xx_hal.o
 .debug_abbrev  0x0000108b      0x31d ./Drivers/STM32F4xx_HAL_Driver/Src/stm32f4xx_hal_cortex.o
 .debug_abbrev  0x000013a8      0x1d4 ./Drivers/STM32F4xx_HAL_Driver/Src/stm32f4xx_hal_gpio.o
 .debug_abbrev  0x0000157c      0x1cf ./Drivers/STM32F4xx_HAL_Driver/Src/stm32f4xx_hal_pwr_ex.o
 .debug_abbrev  0x0000174b      0x2b7 ./Drivers/STM32F4xx_HAL_Driver/Src/stm32f4xx_hal_rcc.o
 .debug_abbrev  0x00001a02      0x27a ./Drivers/STM32F4xx_HAL_Driver/Src/stm32f4xx_hal_spi.o
 .debug_abbrev  0x00001c7c      0x278 ./Drivers/STM32F4xx_HAL_Driver/Src/stm32f4xx_hal_tim.o
 .debug_abbrev  0x00001ef4      0x283 ./Drivers/STM32F4xx_HAL_Driver/Src/stm32f4xx_hal_tim_ex.o
 .debug_abbrev  0x00002177      0x30e ./Drivers/STM32F4xx_HAL_Driver/Src/stm32f4xx_hal_uart.o

.debug_aranges  0x00000000      0xf60
 .debug_aranges
                0x00000000       0x28 ./Core/Src/7seg.o
 .debug_aranges
                0x00000028       0x80 ./Core/Src/HX711.o
 .debug_aranges
                0x000000a8       0x50 ./Core/Src/main.o
 .debug_aranges
                0x000000f8       0x50 ./Core/Src/stm32f4xx_hal_msp.o
 .debug_aranges
                0x00000148       0x70 ./Core/Src/stm32f4xx_it.o
 .debug_aranges
                0x000001b8       0x20 ./Core/Src/sysmem.o
 .debug_aranges
                0x000001d8       0x28 ./Core/Src/system_stm32f4xx.o
 .debug_aranges
                0x00000200       0xb8 ./Core/Src/tm_stm32f4_mfrc522.o
 .debug_aranges
                0x000002b8       0x28 ./Core/Startup/startup_stm32f429zitx.o
 .debug_aranges
                0x000002e0      0x100 ./Drivers/STM32F4xx_HAL_Driver/Src/stm32f4xx_hal.o
 .debug_aranges
                0x000003e0      0x130 ./Drivers/STM32F4xx_HAL_Driver/Src/stm32f4xx_hal_cortex.o
 .debug_aranges
                0x00000510       0x58 ./Drivers/STM32F4xx_HAL_Driver/Src/stm32f4xx_hal_gpio.o
 .debug_aranges
                0x00000568       0x60 ./Drivers/STM32F4xx_HAL_Driver/Src/stm32f4xx_hal_pwr_ex.o
 .debug_aranges
                0x000005c8       0x88 ./Drivers/STM32F4xx_HAL_Driver/Src/stm32f4xx_hal_rcc.o
 .debug_aranges
                0x00000650      0x1d0 ./Drivers/STM32F4xx_HAL_Driver/Src/stm32f4xx_hal_spi.o
 .debug_aranges
                0x00000820      0x3d0 ./Drivers/STM32F4xx_HAL_Driver/Src/stm32f4xx_hal_tim.o
 .debug_aranges
                0x00000bf0      0x168 ./Drivers/STM32F4xx_HAL_Driver/Src/stm32f4xx_hal_tim_ex.o
 .debug_aranges
                0x00000d58      0x208 ./Drivers/STM32F4xx_HAL_Driver/Src/stm32f4xx_hal_uart.o

.debug_rnglists
                0x00000000      0xbfc
 .debug_rnglists
                0x00000000       0x1a ./Core/Src/7seg.o
 .debug_rnglists
                0x0000001a       0x5d ./Core/Src/HX711.o
 .debug_rnglists
                0x00000077       0x3a ./Core/Src/main.o
 .debug_rnglists
                0x000000b1       0x39 ./Core/Src/stm32f4xx_hal_msp.o
 .debug_rnglists
                0x000000ea       0x4f ./Core/Src/stm32f4xx_it.o
 .debug_rnglists
                0x00000139       0x13 ./Core/Src/sysmem.o
 .debug_rnglists
                0x0000014c       0x1a ./Core/Src/system_stm32f4xx.o
 .debug_rnglists
                0x00000166       0x8c ./Core/Src/tm_stm32f4_mfrc522.o
 .debug_rnglists
                0x000001f2       0x19 ./Core/Startup/startup_stm32f429zitx.o
 .debug_rnglists
                0x0000020b       0xbb ./Drivers/STM32F4xx_HAL_Driver/Src/stm32f4xx_hal.o
 .debug_rnglists
                0x000002c6       0xe0 ./Drivers/STM32F4xx_HAL_Driver/Src/stm32f4xx_hal_cortex.o
 .debug_rnglists
                0x000003a6       0x3f ./Drivers/STM32F4xx_HAL_Driver/Src/stm32f4xx_hal_gpio.o
 .debug_rnglists
                0x000003e5       0x47 ./Drivers/STM32F4xx_HAL_Driver/Src/stm32f4xx_hal_pwr_ex.o
 .debug_rnglists
                0x0000042c       0x66 ./Drivers/STM32F4xx_HAL_Driver/Src/stm32f4xx_hal_rcc.o
 .debug_rnglists
                0x00000492      0x16f ./Drivers/STM32F4xx_HAL_Driver/Src/stm32f4xx_hal_spi.o
 .debug_rnglists
                0x00000601      0x31a ./Drivers/STM32F4xx_HAL_Driver/Src/stm32f4xx_hal_tim.o
 .debug_rnglists
                0x0000091b      0x125 ./Drivers/STM32F4xx_HAL_Driver/Src/stm32f4xx_hal_tim_ex.o
 .debug_rnglists
                0x00000a40      0x1bc ./Drivers/STM32F4xx_HAL_Driver/Src/stm32f4xx_hal_uart.o

.debug_macro    0x00000000    0x247bc
 .debug_macro   0x00000000      0x1eb ./Core/Src/7seg.o
 .debug_macro   0x000001eb      0xad8 ./Core/Src/7seg.o
 .debug_macro   0x00000cc3      0x2a1 ./Core/Src/7seg.o
 .debug_macro   0x00000f64       0x2e ./Core/Src/7seg.o
 .debug_macro   0x00000f92       0x28 ./Core/Src/7seg.o
 .debug_macro   0x00000fba       0x22 ./Core/Src/7seg.o
 .debug_macro   0x00000fdc       0x8e ./Core/Src/7seg.o
 .debug_macro   0x0000106a       0x51 ./Core/Src/7seg.o
 .debug_macro   0x000010bb      0x103 ./Core/Src/7seg.o
 .debug_macro   0x000011be       0x6a ./Core/Src/7seg.o
 .debug_macro   0x00001228      0x1df ./Core/Src/7seg.o
 .debug_macro   0x00001407       0x1c ./Core/Src/7seg.o
 .debug_macro   0x00001423       0x22 ./Core/Src/7seg.o
 .debug_macro   0x00001445       0xfb ./Core/Src/7seg.o
 .debug_macro   0x00001540     0x1011 ./Core/Src/7seg.o
 .debug_macro   0x00002551      0x11f ./Core/Src/7seg.o
 .debug_macro   0x00002670    0x17ff1 ./Core/Src/7seg.o
 .debug_macro   0x0001a661       0x6d ./Core/Src/7seg.o
 .debug_macro   0x0001a6ce     0x370a ./Core/Src/7seg.o
 .debug_macro   0x0001ddd8      0x190 ./Core/Src/7seg.o
 .debug_macro   0x0001df68       0x5c ./Core/Src/7seg.o
 .debug_macro   0x0001dfc4      0xcba ./Core/Src/7seg.o
 .debug_macro   0x0001ec7e      0x9e9 ./Core/Src/7seg.o
 .debug_macro   0x0001f667      0x115 ./Core/Src/7seg.o
 .debug_macro   0x0001f77c      0x156 ./Core/Src/7seg.o
 .debug_macro   0x0001f8d2       0xa5 ./Core/Src/7seg.o
 .debug_macro   0x0001f977      0x182 ./Core/Src/7seg.o
 .debug_macro   0x0001faf9      0x287 ./Core/Src/7seg.o
 .debug_macro   0x0001fd80       0x5f ./Core/Src/7seg.o
 .debug_macro   0x0001fddf      0x236 ./Core/Src/7seg.o
 .debug_macro   0x00020015      0x132 ./Core/Src/7seg.o
 .debug_macro   0x00020147      0x41d ./Core/Src/7seg.o
 .debug_macro   0x00020564       0x2e ./Core/Src/7seg.o
 .debug_macro   0x00020592      0x127 ./Core/Src/7seg.o
 .debug_macro   0x000206b9       0xe2 ./Core/Src/7seg.o
 .debug_macro   0x0002079b       0x89 ./Core/Src/7seg.o
 .debug_macro   0x00020824      0x225 ./Core/Src/7seg.o
 .debug_macro   0x00020a49      0x8ed ./Core/Src/7seg.o
 .debug_macro   0x00021336       0x4d ./Core/Src/7seg.o
 .debug_macro   0x00021383      0x2aa ./Core/Src/7seg.o
 .debug_macro   0x0002162d      0x134 ./Core/Src/7seg.o
 .debug_macro   0x00021761       0x82 ./Core/Src/7seg.o
 .debug_macro   0x000217e3      0x1fa ./Core/Src/HX711.o
 .debug_macro   0x000219dd       0x22 ./Core/Src/HX711.o
 .debug_macro   0x000219ff       0x1c ./Core/Src/HX711.o
 .debug_macro   0x00021a1b      0x330 ./Core/Src/main.o
 .debug_macro   0x00021d4b       0x61 ./Core/Src/main.o
 .debug_macro   0x00021dac       0x2a ./Core/Src/main.o
 .debug_macro   0x00021dd6       0x43 ./Core/Src/main.o
 .debug_macro   0x00021e19       0x34 ./Core/Src/main.o
 .debug_macro   0x00021e4d       0x16 ./Core/Src/main.o
 .debug_macro   0x00021e63       0x3c ./Core/Src/main.o
 .debug_macro   0x00021e9f      0x370 ./Core/Src/main.o
 .debug_macro   0x0002220f       0x10 ./Core/Src/main.o
 .debug_macro   0x0002221f       0x16 ./Core/Src/main.o
 .debug_macro   0x00022235       0x4a ./Core/Src/main.o
 .debug_macro   0x0002227f       0x34 ./Core/Src/main.o
 .debug_macro   0x000222b3       0x10 ./Core/Src/main.o
 .debug_macro   0x000222c3       0x58 ./Core/Src/main.o
 .debug_macro   0x0002231b       0x8e ./Core/Src/main.o
 .debug_macro   0x000223a9       0x1c ./Core/Src/main.o
 .debug_macro   0x000223c5      0x185 ./Core/Src/main.o
 .debug_macro   0x0002254a       0x16 ./Core/Src/main.o
 .debug_macro   0x00022560       0x16 ./Core/Src/main.o
 .debug_macro   0x00022576      0x146 ./Core/Src/main.o
 .debug_macro   0x000226bc       0x16 ./Core/Src/main.o
 .debug_macro   0x000226d2       0x20 ./Core/Src/main.o
 .debug_macro   0x000226f2      0x255 ./Core/Src/main.o
 .debug_macro   0x00022947      0x1e2 ./Core/Src/stm32f4xx_hal_msp.o
 .debug_macro   0x00022b29      0x1ec ./Core/Src/stm32f4xx_it.o
 .debug_macro   0x00022d15      0x112 ./Core/Src/sysmem.o
 .debug_macro   0x00022e27      0x23c ./Core/Src/sysmem.o
 .debug_macro   0x00023063      0x1d8 ./Core/Src/system_stm32f4xx.o
 .debug_macro   0x0002323b      0x1e7 ./Core/Src/tm_stm32f4_mfrc522.o
 .debug_macro   0x00023422      0x24f ./Core/Src/tm_stm32f4_mfrc522.o
 .debug_macro   0x00023671      0x238 ./Drivers/STM32F4xx_HAL_Driver/Src/stm32f4xx_hal.o
 .debug_macro   0x000238a9      0x1d8 ./Drivers/STM32F4xx_HAL_Driver/Src/stm32f4xx_hal_cortex.o
 .debug_macro   0x00023a81      0x1de ./Drivers/STM32F4xx_HAL_Driver/Src/stm32f4xx_hal_gpio.o
 .debug_macro   0x00023c5f      0x1f0 ./Drivers/STM32F4xx_HAL_Driver/Src/stm32f4xx_hal_pwr_ex.o
 .debug_macro   0x00023e4f      0x1fc ./Drivers/STM32F4xx_HAL_Driver/Src/stm32f4xx_hal_rcc.o
 .debug_macro   0x0002404b      0x1e7 ./Drivers/STM32F4xx_HAL_Driver/Src/stm32f4xx_hal_spi.o
 .debug_macro   0x00024232      0x1d9 ./Drivers/STM32F4xx_HAL_Driver/Src/stm32f4xx_hal_tim.o
 .debug_macro   0x0002440b      0x1d8 ./Drivers/STM32F4xx_HAL_Driver/Src/stm32f4xx_hal_tim_ex.o
 .debug_macro   0x000245e3      0x1d9 ./Drivers/STM32F4xx_HAL_Driver/Src/stm32f4xx_hal_uart.o

.debug_line     0x00000000    0x11d5c
 .debug_line    0x00000000      0x81a ./Core/Src/7seg.o
 .debug_line    0x0000081a      0xb4f ./Core/Src/HX711.o
 .debug_line    0x00001369      0xc91 ./Core/Src/main.o
 .debug_line    0x00001ffa      0x862 ./Core/Src/stm32f4xx_hal_msp.o
 .debug_line    0x0000285c      0x872 ./Core/Src/stm32f4xx_it.o
 .debug_line    0x000030ce      0x5e8 ./Core/Src/sysmem.o
 .debug_line    0x000036b6      0x803 ./Core/Src/system_stm32f4xx.o
 .debug_line    0x00003eb9      0xcf8 ./Core/Src/tm_stm32f4_mfrc522.o
 .debug_line    0x00004bb1       0x7a ./Core/Startup/startup_stm32f429zitx.o
 .debug_line    0x00004c2b      0xab5 ./Drivers/STM32F4xx_HAL_Driver/Src/stm32f4xx_hal.o
 .debug_line    0x000056e0      0xd4f ./Drivers/STM32F4xx_HAL_Driver/Src/stm32f4xx_hal_cortex.o
 .debug_line    0x0000642f      0xbff ./Drivers/STM32F4xx_HAL_Driver/Src/stm32f4xx_hal_gpio.o
 .debug_line    0x0000702e      0x9ec ./Drivers/STM32F4xx_HAL_Driver/Src/stm32f4xx_hal_pwr_ex.o
 .debug_line    0x00007a1a      0xe8e ./Drivers/STM32F4xx_HAL_Driver/Src/stm32f4xx_hal_rcc.o
 .debug_line    0x000088a8     0x1d1a ./Drivers/STM32F4xx_HAL_Driver/Src/stm32f4xx_hal_spi.o
 .debug_line    0x0000a5c2     0x37f4 ./Drivers/STM32F4xx_HAL_Driver/Src/stm32f4xx_hal_tim.o
 .debug_line    0x0000ddb6     0x19df ./Drivers/STM32F4xx_HAL_Driver/Src/stm32f4xx_hal_tim_ex.o
 .debug_line    0x0000f795     0x25c7 ./Drivers/STM32F4xx_HAL_Driver/Src/stm32f4xx_hal_uart.o

.debug_str      0x00000000    0xdcf14
 .debug_str     0x00000000    0xdcf14 ./Core/Src/7seg.o
                              0xd4588 (size before relaxing)
 .debug_str     0x000dcf14    0xd4607 ./Core/Src/HX711.o
 .debug_str     0x000dcf14    0xd95ea ./Core/Src/main.o
 .debug_str     0x000dcf14    0xd53b4 ./Core/Src/stm32f4xx_hal_msp.o
 .debug_str     0x000dcf14    0xd4948 ./Core/Src/stm32f4xx_it.o
 .debug_str     0x000dcf14     0x7797 ./Core/Src/sysmem.o
 .debug_str     0x000dcf14    0xd44f1 ./Core/Src/system_stm32f4xx.o
 .debug_str     0x000dcf14    0xd5423 ./Core/Src/tm_stm32f4_mfrc522.o
 .debug_str     0x000dcf14       0x99 ./Core/Startup/startup_stm32f429zitx.o
 .debug_str     0x000dcf14    0xd5114 ./Drivers/STM32F4xx_HAL_Driver/Src/stm32f4xx_hal.o
 .debug_str     0x000dcf14    0xd4e42 ./Drivers/STM32F4xx_HAL_Driver/Src/stm32f4xx_hal_cortex.o
 .debug_str     0x000dcf14    0xd466c ./Drivers/STM32F4xx_HAL_Driver/Src/stm32f4xx_hal_gpio.o
 .debug_str     0x000dcf14    0xd46c9 ./Drivers/STM32F4xx_HAL_Driver/Src/stm32f4xx_hal_pwr_ex.o
 .debug_str     0x000dcf14    0xd4925 ./Drivers/STM32F4xx_HAL_Driver/Src/stm32f4xx_hal_rcc.o
 .debug_str     0x000dcf14    0xd4d9c ./Drivers/STM32F4xx_HAL_Driver/Src/stm32f4xx_hal_spi.o
 .debug_str     0x000dcf14    0xd5868 ./Drivers/STM32F4xx_HAL_Driver/Src/stm32f4xx_hal_tim.o
 .debug_str     0x000dcf14    0xd5074 ./Drivers/STM32F4xx_HAL_Driver/Src/stm32f4xx_hal_tim_ex.o
 .debug_str     0x000dcf14    0xd4ef3 ./Drivers/STM32F4xx_HAL_Driver/Src/stm32f4xx_hal_uart.o

.comment        0x00000000       0x43
 .comment       0x00000000       0x43 ./Core/Src/7seg.o
                                 0x44 (size before relaxing)
 .comment       0x00000043       0x44 ./Core/Src/HX711.o
 .comment       0x00000043       0x44 ./Core/Src/main.o
 .comment       0x00000043       0x44 ./Core/Src/stm32f4xx_hal_msp.o
 .comment       0x00000043       0x44 ./Core/Src/stm32f4xx_it.o
 .comment       0x00000043       0x44 ./Core/Src/sysmem.o
 .comment       0x00000043       0x44 ./Core/Src/system_stm32f4xx.o
 .comment       0x00000043       0x44 ./Core/Src/tm_stm32f4_mfrc522.o
 .comment       0x00000043       0x44 ./Drivers/STM32F4xx_HAL_Driver/Src/stm32f4xx_hal.o
 .comment       0x00000043       0x44 ./Drivers/STM32F4xx_HAL_Driver/Src/stm32f4xx_hal_cortex.o
 .comment       0x00000043       0x44 ./Drivers/STM32F4xx_HAL_Driver/Src/stm32f4xx_hal_gpio.o
 .comment       0x00000043       0x44 ./Drivers/STM32F4xx_HAL_Driver/Src/stm32f4xx_hal_pwr_ex.o
 .comment       0x00000043       0x44 ./Drivers/STM32F4xx_HAL_Driver/Src/stm32f4xx_hal_rcc.o
 .comment       0x00000043       0x44 ./Drivers/STM32F4xx_HAL_Driver/Src/stm32f4xx_hal_spi.o
 .comment       0x00000043       0x44 ./Drivers/STM32F4xx_HAL_Driver/Src/stm32f4xx_hal_tim.o
 .comment       0x00000043       0x44 ./Drivers/STM32F4xx_HAL_Driver/Src/stm32f4xx_hal_tim_ex.o
 .comment       0x00000043       0x44 ./Drivers/STM32F4xx_HAL_Driver/Src/stm32f4xx_hal_uart.o

.debug_frame    0x00000000     0x466c
 .debug_frame   0x00000000       0x5c ./Core/Src/7seg.o
 .debug_frame   0x0000005c      0x1f4 ./Core/Src/HX711.o
 .debug_frame   0x00000250       0xf0 ./Core/Src/main.o
 .debug_frame   0x00000340      0x110 ./Core/Src/stm32f4xx_hal_msp.o
 .debug_frame   0x00000450      0x144 ./Core/Src/stm32f4xx_it.o
 .debug_frame   0x00000594       0x34 ./Core/Src/sysmem.o
 .debug_frame   0x000005c8       0x58 ./Core/Src/system_stm32f4xx.o
 .debug_frame   0x00000620      0x2d4 ./Core/Src/tm_stm32f4_mfrc522.o
 .debug_frame   0x000008f4      0x3b4 ./Drivers/STM32F4xx_HAL_Driver/Src/stm32f4xx_hal.o
 .debug_frame   0x00000ca8      0x508 ./Drivers/STM32F4xx_HAL_Driver/Src/stm32f4xx_hal_cortex.o
 .debug_frame   0x000011b0      0x14c ./Drivers/STM32F4xx_HAL_Driver/Src/stm32f4xx_hal_gpio.o
 .debug_frame   0x000012fc      0x14c ./Drivers/STM32F4xx_HAL_Driver/Src/stm32f4xx_hal_pwr_ex.o
 .debug_frame   0x00001448      0x1f4 ./Drivers/STM32F4xx_HAL_Driver/Src/stm32f4xx_hal_rcc.o
 .debug_frame   0x0000163c      0x828 ./Drivers/STM32F4xx_HAL_Driver/Src/stm32f4xx_hal_spi.o
 .debug_frame   0x00001e64     0x11c0 ./Drivers/STM32F4xx_HAL_Driver/Src/stm32f4xx_hal_tim.o
 .debug_frame   0x00003024      0x638 ./Drivers/STM32F4xx_HAL_Driver/Src/stm32f4xx_hal_tim_ex.o
 .debug_frame   0x0000365c      0x954 ./Drivers/STM32F4xx_HAL_Driver/Src/stm32f4xx_hal_uart.o
 .debug_frame   0x00003fb0      0x144 E:/APPLICATION/APPLICATION_SOURCE/STM32CubeIDEsetting/STM32CubeIDE_1.18.0/STM32CubeIDE/plugins/com.st.stm32cube.ide.mcu.externaltools.gnu-tools-for-stm32.13.3.rel1.win32_1.0.0.202411081344/tools/bin/../lib/gcc/arm-none-eabi/13.3.1/../../../../arm-none-eabi/lib/thumb/v7e-m+fp/hard\libc_nano.a(libc_a-findfp.o)
 .debug_frame   0x000040f4       0x74 E:/APPLICATION/APPLICATION_SOURCE/STM32CubeIDEsetting/STM32CubeIDE_1.18.0/STM32CubeIDE/plugins/com.st.stm32cube.ide.mcu.externaltools.gnu-tools-for-stm32.13.3.rel1.win32_1.0.0.202411081344/tools/bin/../lib/gcc/arm-none-eabi/13.3.1/../../../../arm-none-eabi/lib/thumb/v7e-m+fp/hard\libc_nano.a(libc_a-sprintf.o)
 .debug_frame   0x00004168       0x20 E:/APPLICATION/APPLICATION_SOURCE/STM32CubeIDEsetting/STM32CubeIDE_1.18.0/STM32CubeIDE/plugins/com.st.stm32cube.ide.mcu.externaltools.gnu-tools-for-stm32.13.3.rel1.win32_1.0.0.202411081344/tools/bin/../lib/gcc/arm-none-eabi/13.3.1/../../../../arm-none-eabi/lib/thumb/v7e-m+fp/hard\libc_nano.a(libc_a-memset.o)
 .debug_frame   0x00004188       0x38 E:/APPLICATION/APPLICATION_SOURCE/STM32CubeIDEsetting/STM32CubeIDE_1.18.0/STM32CubeIDE/plugins/com.st.stm32cube.ide.mcu.externaltools.gnu-tools-for-stm32.13.3.rel1.win32_1.0.0.202411081344/tools/bin/../lib/gcc/arm-none-eabi/13.3.1/../../../../arm-none-eabi/lib/thumb/v7e-m+fp/hard\libc_nano.a(libc_a-reent.o)
 .debug_frame   0x000041c0       0x20 E:/APPLICATION/APPLICATION_SOURCE/STM32CubeIDEsetting/STM32CubeIDE_1.18.0/STM32CubeIDE/plugins/com.st.stm32cube.ide.mcu.externaltools.gnu-tools-for-stm32.13.3.rel1.win32_1.0.0.202411081344/tools/bin/../lib/gcc/arm-none-eabi/13.3.1/../../../../arm-none-eabi/lib/thumb/v7e-m+fp/hard\libc_nano.a(libc_a-errno.o)
 .debug_frame   0x000041e0       0x2c E:/APPLICATION/APPLICATION_SOURCE/STM32CubeIDEsetting/STM32CubeIDE_1.18.0/STM32CubeIDE/plugins/com.st.stm32cube.ide.mcu.externaltools.gnu-tools-for-stm32.13.3.rel1.win32_1.0.0.202411081344/tools/bin/../lib/gcc/arm-none-eabi/13.3.1/../../../../arm-none-eabi/lib/thumb/v7e-m+fp/hard\libc_nano.a(libc_a-init.o)
 .debug_frame   0x0000420c       0xb0 E:/APPLICATION/APPLICATION_SOURCE/STM32CubeIDEsetting/STM32CubeIDE_1.18.0/STM32CubeIDE/plugins/com.st.stm32cube.ide.mcu.externaltools.gnu-tools-for-stm32.13.3.rel1.win32_1.0.0.202411081344/tools/bin/../lib/gcc/arm-none-eabi/13.3.1/../../../../arm-none-eabi/lib/thumb/v7e-m+fp/hard\libc_nano.a(libc_a-lock.o)
 .debug_frame   0x000042bc       0x38 E:/APPLICATION/APPLICATION_SOURCE/STM32CubeIDEsetting/STM32CubeIDE_1.18.0/STM32CubeIDE/plugins/com.st.stm32cube.ide.mcu.externaltools.gnu-tools-for-stm32.13.3.rel1.win32_1.0.0.202411081344/tools/bin/../lib/gcc/arm-none-eabi/13.3.1/../../../../arm-none-eabi/lib/thumb/v7e-m+fp/hard\libc_nano.a(libc_a-freer.o)
 .debug_frame   0x000042f4       0x50 E:/APPLICATION/APPLICATION_SOURCE/STM32CubeIDEsetting/STM32CubeIDE_1.18.0/STM32CubeIDE/plugins/com.st.stm32cube.ide.mcu.externaltools.gnu-tools-for-stm32.13.3.rel1.win32_1.0.0.202411081344/tools/bin/../lib/gcc/arm-none-eabi/13.3.1/../../../../arm-none-eabi/lib/thumb/v7e-m+fp/hard\libc_nano.a(libc_a-mallocr.o)
 .debug_frame   0x00004344       0x30 E:/APPLICATION/APPLICATION_SOURCE/STM32CubeIDEsetting/STM32CubeIDE_1.18.0/STM32CubeIDE/plugins/com.st.stm32cube.ide.mcu.externaltools.gnu-tools-for-stm32.13.3.rel1.win32_1.0.0.202411081344/tools/bin/../lib/gcc/arm-none-eabi/13.3.1/../../../../arm-none-eabi/lib/thumb/v7e-m+fp/hard\libc_nano.a(libc_a-mlock.o)
 .debug_frame   0x00004374       0x90 E:/APPLICATION/APPLICATION_SOURCE/STM32CubeIDEsetting/STM32CubeIDE_1.18.0/STM32CubeIDE/plugins/com.st.stm32cube.ide.mcu.externaltools.gnu-tools-for-stm32.13.3.rel1.win32_1.0.0.202411081344/tools/bin/../lib/gcc/arm-none-eabi/13.3.1/../../../../arm-none-eabi/lib/thumb/v7e-m+fp/hard\libc_nano.a(libc_a-nano-svfprintf.o)
 .debug_frame   0x00004404       0x60 E:/APPLICATION/APPLICATION_SOURCE/STM32CubeIDEsetting/STM32CubeIDE_1.18.0/STM32CubeIDE/plugins/com.st.stm32cube.ide.mcu.externaltools.gnu-tools-for-stm32.13.3.rel1.win32_1.0.0.202411081344/tools/bin/../lib/gcc/arm-none-eabi/13.3.1/../../../../arm-none-eabi/lib/thumb/v7e-m+fp/hard\libc_nano.a(libc_a-nano-vfprintf_i.o)
 .debug_frame   0x00004464       0x28 E:/APPLICATION/APPLICATION_SOURCE/STM32CubeIDEsetting/STM32CubeIDE_1.18.0/STM32CubeIDE/plugins/com.st.stm32cube.ide.mcu.externaltools.gnu-tools-for-stm32.13.3.rel1.win32_1.0.0.202411081344/tools/bin/../lib/gcc/arm-none-eabi/13.3.1/../../../../arm-none-eabi/lib/thumb/v7e-m+fp/hard\libc_nano.a(libc_a-memmove.o)
 .debug_frame   0x0000448c       0x2c E:/APPLICATION/APPLICATION_SOURCE/STM32CubeIDEsetting/STM32CubeIDE_1.18.0/STM32CubeIDE/plugins/com.st.stm32cube.ide.mcu.externaltools.gnu-tools-for-stm32.13.3.rel1.win32_1.0.0.202411081344/tools/bin/../lib/gcc/arm-none-eabi/13.3.1/../../../../arm-none-eabi/lib/thumb/v7e-m+fp/hard\libc_nano.a(libc_a-sbrkr.o)
 .debug_frame   0x000044b8       0x28 E:/APPLICATION/APPLICATION_SOURCE/STM32CubeIDEsetting/STM32CubeIDE_1.18.0/STM32CubeIDE/plugins/com.st.stm32cube.ide.mcu.externaltools.gnu-tools-for-stm32.13.3.rel1.win32_1.0.0.202411081344/tools/bin/../lib/gcc/arm-none-eabi/13.3.1/../../../../arm-none-eabi/lib/thumb/v7e-m+fp/hard\libc_nano.a(libc_a-memcpy-stub.o)
 .debug_frame   0x000044e0       0x3c E:/APPLICATION/APPLICATION_SOURCE/STM32CubeIDEsetting/STM32CubeIDE_1.18.0/STM32CubeIDE/plugins/com.st.stm32cube.ide.mcu.externaltools.gnu-tools-for-stm32.13.3.rel1.win32_1.0.0.202411081344/tools/bin/../lib/gcc/arm-none-eabi/13.3.1/../../../../arm-none-eabi/lib/thumb/v7e-m+fp/hard\libc_nano.a(libc_a-reallocr.o)
 .debug_frame   0x0000451c       0x20 E:/APPLICATION/APPLICATION_SOURCE/STM32CubeIDEsetting/STM32CubeIDE_1.18.0/STM32CubeIDE/plugins/com.st.stm32cube.ide.mcu.externaltools.gnu-tools-for-stm32.13.3.rel1.win32_1.0.0.202411081344/tools/bin/../lib/gcc/arm-none-eabi/13.3.1/../../../../arm-none-eabi/lib/thumb/v7e-m+fp/hard\libc_nano.a(libc_a-msizer.o)
 .debug_frame   0x0000453c       0xac E:/APPLICATION/APPLICATION_SOURCE/STM32CubeIDEsetting/STM32CubeIDE_1.18.0/STM32CubeIDE/plugins/com.st.stm32cube.ide.mcu.externaltools.gnu-tools-for-stm32.13.3.rel1.win32_1.0.0.202411081344/tools/bin/../lib/gcc/arm-none-eabi/13.3.1/thumb/v7e-m+fp/hard\libgcc.a(_arm_addsubdf3.o)
 .debug_frame   0x000045e8       0x24 E:/APPLICATION/APPLICATION_SOURCE/STM32CubeIDEsetting/STM32CubeIDE_1.18.0/STM32CubeIDE/plugins/com.st.stm32cube.ide.mcu.externaltools.gnu-tools-for-stm32.13.3.rel1.win32_1.0.0.202411081344/tools/bin/../lib/gcc/arm-none-eabi/13.3.1/thumb/v7e-m+fp/hard\libgcc.a(_arm_fixdfsi.o)
 .debug_frame   0x0000460c       0x2c E:/APPLICATION/APPLICATION_SOURCE/STM32CubeIDEsetting/STM32CubeIDE_1.18.0/STM32CubeIDE/plugins/com.st.stm32cube.ide.mcu.externaltools.gnu-tools-for-stm32.13.3.rel1.win32_1.0.0.202411081344/tools/bin/../lib/gcc/arm-none-eabi/13.3.1/thumb/v7e-m+fp/hard\libgcc.a(_aeabi_uldivmod.o)
 .debug_frame   0x00004638       0x34 E:/APPLICATION/APPLICATION_SOURCE/STM32CubeIDEsetting/STM32CubeIDE_1.18.0/STM32CubeIDE/plugins/com.st.stm32cube.ide.mcu.externaltools.gnu-tools-for-stm32.13.3.rel1.win32_1.0.0.202411081344/tools/bin/../lib/gcc/arm-none-eabi/13.3.1/thumb/v7e-m+fp/hard\libgcc.a(_udivmoddi4.o)

.debug_line_str
                0x00000000       0x7d
 .debug_line_str
                0x00000000       0x7d ./Core/Startup/startup_stm32f429zitx.o
